Archive member included to satisfy reference by file (symbol)

e:/apps/atmel/studio/7.0/toolchain/arm/arm-gnu-toolchain/bin/../lib/gcc/arm-none-eabi/6.3.1/../../../../arm-none-eabi/lib/thumb/v7e-m\libc.a(lib_a-exit.o)
                              e:/apps/atmel/studio/7.0/toolchain/arm/arm-gnu-toolchain/bin/../lib/gcc/arm-none-eabi/6.3.1/../../../../arm-none-eabi/lib/thumb/v7e-m/crt0.o (exit)
e:/apps/atmel/studio/7.0/toolchain/arm/arm-gnu-toolchain/bin/../lib/gcc/arm-none-eabi/6.3.1/../../../../arm-none-eabi/lib/thumb/v7e-m\libc.a(lib_a-impure.o)
                              e:/apps/atmel/studio/7.0/toolchain/arm/arm-gnu-toolchain/bin/../lib/gcc/arm-none-eabi/6.3.1/../../../../arm-none-eabi/lib/thumb/v7e-m\libc.a(lib_a-exit.o) (_global_impure_ptr)
e:/apps/atmel/studio/7.0/toolchain/arm/arm-gnu-toolchain/bin/../lib/gcc/arm-none-eabi/6.3.1/../../../../arm-none-eabi/lib/thumb/v7e-m\libc.a(lib_a-init.o)
                              e:/apps/atmel/studio/7.0/toolchain/arm/arm-gnu-toolchain/bin/../lib/gcc/arm-none-eabi/6.3.1/../../../../arm-none-eabi/lib/thumb/v7e-m/crt0.o (__libc_init_array)
e:/apps/atmel/studio/7.0/toolchain/arm/arm-gnu-toolchain/bin/../lib/gcc/arm-none-eabi/6.3.1/../../../../arm-none-eabi/lib/thumb/v7e-m\libc.a(lib_a-memcpy.o)
                              src/ASF/sam/services/flash_efc/flash_efc.o (memcpy)
e:/apps/atmel/studio/7.0/toolchain/arm/arm-gnu-toolchain/bin/../lib/gcc/arm-none-eabi/6.3.1/../../../../arm-none-eabi/lib/thumb/v7e-m\libc.a(lib_a-memset.o)
                              e:/apps/atmel/studio/7.0/toolchain/arm/arm-gnu-toolchain/bin/../lib/gcc/arm-none-eabi/6.3.1/../../../../arm-none-eabi/lib/thumb/v7e-m/crt0.o (memset)
e:/apps/atmel/studio/7.0/toolchain/arm/arm-gnu-toolchain/bin/../lib/gcc/arm-none-eabi/6.3.1/../../../../arm-none-eabi/lib/thumb/v7e-m\libc.a(lib_a-sprintf.o)
                              src/main.o (sprintf)
e:/apps/atmel/studio/7.0/toolchain/arm/arm-gnu-toolchain/bin/../lib/gcc/arm-none-eabi/6.3.1/../../../../arm-none-eabi/lib/thumb/v7e-m\libc.a(lib_a-svfprintf.o)
                              e:/apps/atmel/studio/7.0/toolchain/arm/arm-gnu-toolchain/bin/../lib/gcc/arm-none-eabi/6.3.1/../../../../arm-none-eabi/lib/thumb/v7e-m\libc.a(lib_a-sprintf.o) (_svfprintf_r)
e:/apps/atmel/studio/7.0/toolchain/arm/arm-gnu-toolchain/bin/../lib/gcc/arm-none-eabi/6.3.1/../../../../arm-none-eabi/lib/thumb/v7e-m\libc.a(lib_a-__call_atexit.o)
                              e:/apps/atmel/studio/7.0/toolchain/arm/arm-gnu-toolchain/bin/../lib/gcc/arm-none-eabi/6.3.1/../../../../arm-none-eabi/lib/thumb/v7e-m\libc.a(lib_a-exit.o) (__call_exitprocs)
e:/apps/atmel/studio/7.0/toolchain/arm/arm-gnu-toolchain/bin/../lib/gcc/arm-none-eabi/6.3.1/../../../../arm-none-eabi/lib/thumb/v7e-m\libc.a(lib_a-atexit.o)
                              e:/apps/atmel/studio/7.0/toolchain/arm/arm-gnu-toolchain/bin/../lib/gcc/arm-none-eabi/6.3.1/../../../../arm-none-eabi/lib/thumb/v7e-m\libc.a(lib_a-__call_atexit.o) (atexit)
e:/apps/atmel/studio/7.0/toolchain/arm/arm-gnu-toolchain/bin/../lib/gcc/arm-none-eabi/6.3.1/../../../../arm-none-eabi/lib/thumb/v7e-m\libc.a(lib_a-dtoa.o)
                              e:/apps/atmel/studio/7.0/toolchain/arm/arm-gnu-toolchain/bin/../lib/gcc/arm-none-eabi/6.3.1/../../../../arm-none-eabi/lib/thumb/v7e-m\libc.a(lib_a-svfprintf.o) (_dtoa_r)
e:/apps/atmel/studio/7.0/toolchain/arm/arm-gnu-toolchain/bin/../lib/gcc/arm-none-eabi/6.3.1/../../../../arm-none-eabi/lib/thumb/v7e-m\libc.a(lib_a-fini.o)
                              e:/apps/atmel/studio/7.0/toolchain/arm/arm-gnu-toolchain/bin/../lib/gcc/arm-none-eabi/6.3.1/../../../../arm-none-eabi/lib/thumb/v7e-m\libc.a(lib_a-__call_atexit.o) (__libc_fini_array)
e:/apps/atmel/studio/7.0/toolchain/arm/arm-gnu-toolchain/bin/../lib/gcc/arm-none-eabi/6.3.1/../../../../arm-none-eabi/lib/thumb/v7e-m\libc.a(lib_a-localeconv.o)
                              e:/apps/atmel/studio/7.0/toolchain/arm/arm-gnu-toolchain/bin/../lib/gcc/arm-none-eabi/6.3.1/../../../../arm-none-eabi/lib/thumb/v7e-m\libc.a(lib_a-svfprintf.o) (_localeconv_r)
e:/apps/atmel/studio/7.0/toolchain/arm/arm-gnu-toolchain/bin/../lib/gcc/arm-none-eabi/6.3.1/../../../../arm-none-eabi/lib/thumb/v7e-m\libc.a(lib_a-lock.o)
                              e:/apps/atmel/studio/7.0/toolchain/arm/arm-gnu-toolchain/bin/../lib/gcc/arm-none-eabi/6.3.1/../../../../arm-none-eabi/lib/thumb/v7e-m\libc.a(lib_a-__call_atexit.o) (__retarget_lock_acquire_recursive)
e:/apps/atmel/studio/7.0/toolchain/arm/arm-gnu-toolchain/bin/../lib/gcc/arm-none-eabi/6.3.1/../../../../arm-none-eabi/lib/thumb/v7e-m\libc.a(lib_a-mallocr.o)
                              e:/apps/atmel/studio/7.0/toolchain/arm/arm-gnu-toolchain/bin/../lib/gcc/arm-none-eabi/6.3.1/../../../../arm-none-eabi/lib/thumb/v7e-m\libc.a(lib_a-svfprintf.o) (_malloc_r)
e:/apps/atmel/studio/7.0/toolchain/arm/arm-gnu-toolchain/bin/../lib/gcc/arm-none-eabi/6.3.1/../../../../arm-none-eabi/lib/thumb/v7e-m\libc.a(lib_a-memchr.o)
[...]
Memory Configuration

Name             Origin             Length             Attributes
rom              0x00400000         0x00200000         xr
ram              0x20400000         0x00060000         xrw
*default*        0x00000000         0xffffffff

Linker script and memory map

LOAD e:/apps/atmel/studio/7.0/toolchain/arm/arm-gnu-toolchain/bin/../lib/gcc/arm-none-eabi/6.3.1/thumb/v7e-m/crti.o
LOAD e:/apps/atmel/studio/7.0/toolchain/arm/arm-gnu-toolchain/bin/../lib/gcc/arm-none-eabi/6.3.1/thumb/v7e-m/crtbegin.o
LOAD e:/apps/atmel/studio/7.0/toolchain/arm/arm-gnu-toolchain/bin/../lib/gcc/arm-none-eabi/6.3.1/../../../../arm-none-eabi/lib/thumb/v7e-m/crt0.o
LOAD src/ASF/common/services/serial/usart_serial.o
LOAD src/ASF/common/services/sleepmgr/sam/sleepmgr.o
LOAD src/ASF/common/utils/stdio/read.o
LOAD src/ASF/common/utils/stdio/write.o
LOAD src/ASF/sam/drivers/efc/efc.o
LOAD src/ASF/sam/drivers/rtc/rtc.o
LOAD src/ASF/sam/drivers/rtt/rtt.o
LOAD src/ASF/sam/drivers/sdramc/sdramc.o
LOAD src/ASF/sam/drivers/tc/tc.o
LOAD src/ASF/sam/drivers/uart/uart.o
LOAD src/ASF/sam/drivers/usart/usart.o
LOAD src/ASF/sam/services/flash_efc/flash_efc.o
LOAD src/main.o
LOAD src/ASF/common/services/delay/sam/cycle_counter.o
LOAD src/ASF/common/services/spi/sam_spi/spi_master.o
LOAD src/ASF/sam/components/display/ili9488/ili9488.o
LOAD src/ASF/sam/drivers/spi/spi.o
LOAD src/ASF/common/services/clock/same70/sysclk.o
LOAD src/ASF/common/utils/interrupt/interrupt_sam_nvic.o
LOAD src/ASF/sam/boards/same70_xplained/init.o
LOAD src/ASF/sam/drivers/mpu/mpu.o
LOAD src/ASF/sam/drivers/pio/pio.o
LOAD src/ASF/sam/drivers/pio/pio_handler.o
LOAD src/ASF/sam/drivers/pmc/pmc.o
LOAD src/ASF/sam/drivers/pmc/sleep.o
LOAD src/ASF/sam/utils/cmsis/same70/source/templates/gcc/startup_same70.o
LOAD src/ASF/sam/utils/cmsis/same70/source/templates/system_same70.o
LOAD src/ASF/sam/utils/syscalls/gcc/syscalls.o
START GROUP
LOAD ../src/ASF/thirdparty/CMSIS/Lib/GCC\libarm_cortexM7lfsp_math_softfp.a
LOAD e:/apps/atmel/studio/7.0/toolchain/arm/arm-gnu-toolchain/bin/../lib/gcc/arm-none-eabi/6.3.1/../../../../arm-none-eabi/lib/thumb/v7e-m\libm.a
END GROUP
START GROUP
LOAD e:/apps/atmel/studio/7.0/toolchain/arm/arm-gnu-toolchain/bin/../lib/gcc/arm-none-eabi/6.3.1/thumb/v7e-m\libgcc.a
LOAD e:/apps/atmel/studio/7.0/toolchain/arm/arm-gnu-toolchain/bin/../lib/gcc/arm-none-eabi/6.3.1/../../../../arm-none-eabi/lib/thumb/v7e-m\libc.a
END GROUP
LOAD e:/apps/atmel/studio/7.0/toolchain/arm/arm-gnu-toolchain/bin/../lib/gcc/arm-none-eabi/6.3.1/thumb/v7e-m/crtend.o
LOAD e:/apps/atmel/studio/7.0/toolchain/arm/arm-gnu-toolchain/bin/../lib/gcc/arm-none-eabi/6.3.1/thumb/v7e-m/crtn.o
                0x00002000                STACK_SIZE = DEFINED (STACK_SIZE)?STACK_SIZE:0x2000
                0x2045fffc                __ram_end__ = ((ORIGIN (ram) + LENGTH (ram)) - 0x4)
                0x00000200                HEAP_SIZE = DEFINED (HEAP_SIZE)?HEAP_SIZE:0x200

.text           0x00400000    0x4cee4
                0x00400000                . = ALIGN (0x4)
                0x00400000                _sfixed = .
 *(.vectors .vectors.*)
 .vectors       0x00400000      0x168 src/ASF/sam/utils/cmsis/same70/source/templates/gcc/startup_same70.o
                0x00400000                exception_table
 *(.text .text.* .gnu.linkonce.t.*)
 .text          0x00400168       0x6c e:/apps/atmel/studio/7.0/toolchain/arm/arm-gnu-toolchain/bin/../lib/gcc/arm-none-eabi/6.3.1/thumb/v7e-m/crtbegin.o
 .text.rtt_init
                0x004001d4       0x30 src/ASF/sam/drivers/rtt/rtt.o
                0x004001d4                rtt_init
 .text.rtt_sel_source
                0x00400204       0x58 src/ASF/sam/drivers/rtt/rtt.o
                0x00400204                rtt_sel_source
 .text.rtt_enable_interrupt
                0x0040025c       0x38 src/ASF/sam/drivers/rtt/rtt.o
                0x0040025c                rtt_enable_interrupt
 .text.rtt_disable_interrupt
                0x00400294       0x40 src/ASF/sam/drivers/rtt/rtt.o
                0x00400294                rtt_disable_interrupt
 .text.rtt_read_timer_value
                0x004002d4       0x2e src/ASF/sam/drivers/rtt/rtt.o
                0x004002d4                rtt_read_timer_value
 .text.rtt_get_status
                0x00400302       0x18 src/ASF/sam/drivers/rtt/rtt.o
                0x00400302                rtt_get_status
 *fill*         0x0040031a        0x2 
 .text.rtt_write_alarm_time
                0x0040031c       0x5c src/ASF/sam/drivers/rtt/rtt.o
                0x0040031c                rtt_write_alarm_time
 .text.NVIC_EnableIRQ
                0x00400378       0x34 src/main.o
 .text.NVIC_DisableIRQ
                0x004003ac       0x34 src/main.o
 .text.NVIC_ClearPendingIRQ
                0x004003e0       0x34 src/main.o
 .text.NVIC_SetPriority
                0x00400414       0x54 src/main.o
 .text.but_callback
                0x00400468       0x18 src/main.o
                0x00400468                but_callback
 .text.RTT_Handler
                0x00400480       0x44 src/main.o
                0x00400480                RTT_Handler
 .text.pin_toggle
                0x004004c4       0x40 src/main.o
                0x004004c4                pin_toggle
 .text.io_init  0x00400504       0x84 src/main.o
                0x00400504                io_init
 .text.RTT_init
                0x00400588       0x98 src/main.o
 .text.configure_lcd
                0x00400620       0x4c src/main.o
                0x00400620                configure_lcd
 .text.font_draw_text
                0x0040066c       0x88 src/main.o
                0x0040066c                font_draw_text
 .text.main     0x004006f4       0xcc src/main.o
                0x004006f4                main
 .text.osc_get_rate
                0x004007c0       0x74 src/ASF/common/services/spi/sam_spi/spi_master.o
 .text.sysclk_get_main_hz
                0x00400834       0x20 src/ASF/common/services/spi/sam_spi/spi_master.o
 .text.sysclk_get_peripheral_hz
                0x00400854       0x14 src/ASF/common/services/spi/sam_spi/spi_master.o
 .text.spi_reset
                0x00400868       0x1a src/ASF/common/services/spi/sam_spi/spi_master.o
 .text.spi_set_master_mode
                0x00400882       0x20 src/ASF/common/services/spi/sam_spi/spi_master.o
 .text.spi_set_fixed_peripheral_select
                0x004008a2       0x20 src/ASF/common/services/spi/sam_spi/spi_master.o
 .text.spi_disable_peripheral_select_decode
                0x004008c2       0x20 src/ASF/common/services/spi/sam_spi/spi_master.o
 .text.spi_get_peripheral_select_decode_setting
                0x004008e2       0x26 src/ASF/common/services/spi/sam_spi/spi_master.o
 .text.spi_disable_mode_fault_detect
                0x00400908       0x20 src/ASF/common/services/spi/sam_spi/spi_master.o
 .text.spi_disable_loopback
                0x00400928       0x20 src/ASF/common/services/spi/sam_spi/spi_master.o
 .text.spi_put  0x00400948       0x1e src/ASF/common/services/spi/sam_spi/spi_master.o
 .text.spi_get  0x00400966       0x1a src/ASF/common/services/spi/sam_spi/spi_master.o
 .text.spi_is_tx_ready
                0x00400980       0x26 src/ASF/common/services/spi/sam_spi/spi_master.o
 .text.spi_is_rx_ready
                0x004009a6       0x2c src/ASF/common/services/spi/sam_spi/spi_master.o
 *fill*         0x004009d2        0x2 
 .text.spi_write_single
                0x004009d4       0x24 src/ASF/common/services/spi/sam_spi/spi_master.o
 .text.spi_read_single
                0x004009f8       0x24 src/ASF/common/services/spi/sam_spi/spi_master.o
 .text.spi_master_init
                0x00400a1c       0x70 src/ASF/common/services/spi/sam_spi/spi_master.o
                0x00400a1c                spi_master_init
 .text.spi_master_setup_device
                0x00400a8c       0xb4 src/ASF/common/services/spi/sam_spi/spi_master.o
                0x00400a8c                spi_master_setup_device
 .text.spi_select_device
                0x00400b40       0x58 src/ASF/common/services/spi/sam_spi/spi_master.o
                0x00400b40                spi_select_device
 .text.spi_write_packet
                0x00400b98       0x74 src/ASF/common/services/spi/sam_spi/spi_master.o
                0x00400b98                spi_write_packet
 .text.spi_read_packet
                0x00400c0c       0xac src/ASF/common/services/spi/sam_spi/spi_master.o
                0x00400c0c                spi_read_packet
 .text.spi_enable
                0x00400cb8       0x1a src/ASF/sam/components/display/ili9488/ili9488.o
 .text.spi_enable_interrupt
                0x00400cd2       0x1c src/ASF/sam/components/display/ili9488/ili9488.o
 *fill*         0x00400cee        0x2 
 .text.ili9488_write_ram_prepare
                0x00400cf0       0x40 src/ASF/sam/components/display/ili9488/ili9488.o
 .text.ili9488_write_ram_buffer
                0x00400d30       0x40 src/ASF/sam/components/display/ili9488/ili9488.o
 .text.ili9488_write_register
                0x00400d70       0x78 src/ASF/sam/components/display/ili9488/ili9488.o
 .text.ili9488_read_chipid
                0x00400de8       0xcc src/ASF/sam/components/display/ili9488/ili9488.o
 .text.ili9488_delay
                0x00400eb4       0x40 src/ASF/sam/components/display/ili9488/ili9488.o
                0x00400eb4                ili9488_delay
 .text.ili9488_check_box_coordinates
                0x00400ef4       0xa2 src/ASF/sam/components/display/ili9488/ili9488.o
 *fill*         0x00400f96        0x2 
 .text.ili9488_set_display_direction
                0x00400f98       0x34 src/ASF/sam/components/display/ili9488/ili9488.o
                0x00400f98                ili9488_set_display_direction
 .text.ili9488_set_window
                0x00400fcc       0xc8 src/ASF/sam/components/display/ili9488/ili9488.o
                0x00400fcc                ili9488_set_window
 .text.ili9488_init
                0x00401094      0x15c src/ASF/sam/components/display/ili9488/ili9488.o
                0x00401094                ili9488_init
 .text.ili9488_display_on
                0x004011f0       0x18 src/ASF/sam/components/display/ili9488/ili9488.o
                0x004011f0                ili9488_display_on
 .text.ili9488_set_foreground_color
                0x00401208       0x54 src/ASF/sam/components/display/ili9488/ili9488.o
                0x00401208                ili9488_set_foreground_color
 .text.ili9488_set_cursor_position
                0x0040125c       0x84 src/ASF/sam/components/display/ili9488/ili9488.o
                0x0040125c                ili9488_set_cursor_position
 .text.ili9488_draw_filled_rectangle
                0x004012e0       0xdc src/ASF/sam/components/display/ili9488/ili9488.o
                0x004012e0                ili9488_draw_filled_rectangle
 .text.ili9488_draw_pixmap
                0x004013bc       0xb4 src/ASF/sam/components/display/ili9488/ili9488.o
                0x004013bc                ili9488_draw_pixmap
 .text.spi_get_peripheral_select_mode
                0x00401470       0x26 src/ASF/sam/drivers/spi/spi.o
 *fill*         0x00401496        0x2 
 .text.sysclk_enable_peripheral_clock
                0x00401498       0x1c src/ASF/sam/drivers/spi/spi.o
 .text.spi_enable_clock
                0x004014b4       0x3c src/ASF/sam/drivers/spi/spi.o
                0x004014b4                spi_enable_clock
 .text.spi_set_peripheral_chip_select_value
                0x004014f0       0x34 src/ASF/sam/drivers/spi/spi.o
                0x004014f0                spi_set_peripheral_chip_select_value
 .text.spi_set_delay_between_chip_select
                0x00401524       0x30 src/ASF/sam/drivers/spi/spi.o
                0x00401524                spi_set_delay_between_chip_select
 .text.spi_write
                0x00401554       0x80 src/ASF/sam/drivers/spi/spi.o
                0x00401554                spi_write
 .text.spi_set_clock_polarity
                0x004015d4       0x50 src/ASF/sam/drivers/spi/spi.o
                0x004015d4                spi_set_clock_polarity
 .text.spi_set_clock_phase
                0x00401624       0x50 src/ASF/sam/drivers/spi/spi.o
                0x00401624                spi_set_clock_phase
 .text.spi_configure_cs_behavior
                0x00401674       0xa6 src/ASF/sam/drivers/spi/spi.o
                0x00401674                spi_configure_cs_behavior
 .text.spi_set_bits_per_transfer
                0x0040171a       0x4a src/ASF/sam/drivers/spi/spi.o
                0x0040171a                spi_set_bits_per_transfer
 .text.spi_calc_baudrate_div
                0x00401764       0x3c src/ASF/sam/drivers/spi/spi.o
                0x00401764                spi_calc_baudrate_div
 .text.spi_set_baudrate_div
                0x004017a0       0x5e src/ASF/sam/drivers/spi/spi.o
                0x004017a0                spi_set_baudrate_div
 .text.spi_set_transfer_delay
                0x004017fe       0x5e src/ASF/sam/drivers/spi/spi.o
                0x004017fe                spi_set_transfer_delay
 .text.osc_enable
                0x0040185c       0x88 src/ASF/common/services/clock/same70/sysclk.o
 .text.osc_is_ready
                0x004018e4       0x70 src/ASF/common/services/clock/same70/sysclk.o
 .text.osc_get_rate
                0x00401954       0x74 src/ASF/common/services/clock/same70/sysclk.o
 .text.osc_wait_ready
                0x004019c8       0x2c src/ASF/common/services/clock/same70/sysclk.o
 .text.pll_config_init
                0x004019f4       0x6c src/ASF/common/services/clock/same70/sysclk.o
 .text.pll_enable
                0x00401a60       0x40 src/ASF/common/services/clock/same70/sysclk.o
 .text.pll_is_locked
                0x00401aa0       0x2c src/ASF/common/services/clock/same70/sysclk.o
 .text.pll_enable_source
                0x00401acc       0x38 src/ASF/common/services/clock/same70/sysclk.o
 .text.pll_wait_for_lock
                0x00401b04       0x24 src/ASF/common/services/clock/same70/sysclk.o
 .text.sysclk_get_main_hz
                0x00401b28       0x20 src/ASF/common/services/clock/same70/sysclk.o
 .text.sysclk_get_cpu_hz
                0x00401b48       0x14 src/ASF/common/services/clock/same70/sysclk.o
 .text.sysclk_init
                0x00401b5c       0x7c src/ASF/common/services/clock/same70/sysclk.o
                0x00401b5c                sysclk_init
 .text.sysclk_enable_peripheral_clock
                0x00401bd8       0x1c src/ASF/sam/boards/same70_xplained/init.o
 .text.ioport_init
                0x00401bf4       0x2c src/ASF/sam/boards/same70_xplained/init.o
 .text.ioport_disable_pin
                0x00401c20       0x4c src/ASF/sam/boards/same70_xplained/init.o
 .text.ioport_set_pin_mode
                0x00401c6c      0x11c src/ASF/sam/boards/same70_xplained/init.o
 .text.ioport_set_pin_dir
                0x00401d88       0x88 src/ASF/sam/boards/same70_xplained/init.o
 .text.ioport_set_pin_level
                0x00401e10       0x6c src/ASF/sam/boards/same70_xplained/init.o
 .text.ioport_set_pin_sense_mode
                0x00401e7c       0xd0 src/ASF/sam/boards/same70_xplained/init.o
 .text.tcm_disable
                0x00401f4c       0x44 src/ASF/sam/boards/same70_xplained/init.o
 .text.board_init
                0x00401f90      0x1ac src/ASF/sam/boards/same70_xplained/init.o
                0x00401f90                board_init
 .text.pio_pull_up
                0x0040213c       0x2c src/ASF/sam/drivers/pio/pio.o
                0x0040213c                pio_pull_up
 .text.pio_set  0x00402168       0x1c src/ASF/sam/drivers/pio/pio.o
                0x00402168                pio_set
 .text.pio_clear
                0x00402184       0x1c src/ASF/sam/drivers/pio/pio.o
                0x00402184                pio_clear
 .text.pio_set_peripheral
                0x004021a0      0x110 src/ASF/sam/drivers/pio/pio.o
                0x004021a0                pio_set_peripheral
 .text.pio_set_input
                0x004022b0       0x80 src/ASF/sam/drivers/pio/pio.o
                0x004022b0                pio_set_input
 .text.pio_set_output
                0x00402330       0x64 src/ASF/sam/drivers/pio/pio.o
                0x00402330                pio_set_output
 .text.pio_configure
                0x00402394       0xcc src/ASF/sam/drivers/pio/pio.o
                0x00402394                pio_configure
 .text.pio_get_output_data_status
                0x00402460       0x28 src/ASF/sam/drivers/pio/pio.o
                0x00402460                pio_get_output_data_status
 .text.pio_configure_interrupt
                0x00402488       0x6c src/ASF/sam/drivers/pio/pio.o
                0x00402488                pio_configure_interrupt
 .text.pio_enable_interrupt
                0x004024f4       0x1c src/ASF/sam/drivers/pio/pio.o
                0x004024f4                pio_enable_interrupt
 .text.pio_disable_interrupt
                0x00402510       0x1c src/ASF/sam/drivers/pio/pio.o
                0x00402510                pio_disable_interrupt
 .text.pio_get_interrupt_status
                0x0040252c       0x18 src/ASF/sam/drivers/pio/pio.o
                0x0040252c                pio_get_interrupt_status
 .text.pio_get_interrupt_mask
                0x00402544       0x18 src/ASF/sam/drivers/pio/pio.o
                0x00402544                pio_get_interrupt_mask
 .text.pio_set_pin_high
                0x0040255c       0x30 src/ASF/sam/drivers/pio/pio.o
                0x0040255c                pio_set_pin_high
 .text.pio_set_pin_low
                0x0040258c       0x30 src/ASF/sam/drivers/pio/pio.o
                0x0040258c                pio_set_pin_low
 .text.pio_configure_pin
                0x004025bc      0x1b0 src/ASF/sam/drivers/pio/pio.o
                0x004025bc                pio_configure_pin
 .text.pio_get_pin_group
                0x0040276c       0x28 src/ASF/sam/drivers/pio/pio.o
                0x0040276c                pio_get_pin_group
 .text.pio_handler_process
                0x00402794       0xb4 src/ASF/sam/drivers/pio/pio_handler.o
                0x00402794                pio_handler_process
 .text.pio_handler_set
                0x00402848       0xa0 src/ASF/sam/drivers/pio/pio_handler.o
                0x00402848                pio_handler_set
 .text.PIOA_Handler
                0x004028e8       0x18 src/ASF/sam/drivers/pio/pio_handler.o
                0x004028e8                PIOA_Handler
 .text.PIOB_Handler
                0x00402900       0x18 src/ASF/sam/drivers/pio/pio_handler.o
                0x00402900                PIOB_Handler
 .text.PIOC_Handler
                0x00402918       0x18 src/ASF/sam/drivers/pio/pio_handler.o
                0x00402918                PIOC_Handler
 .text.PIOD_Handler
                0x00402930       0x18 src/ASF/sam/drivers/pio/pio_handler.o
                0x00402930                PIOD_Handler
 .text.PIOE_Handler
                0x00402948       0x18 src/ASF/sam/drivers/pio/pio_handler.o
                0x00402948                PIOE_Handler
 .text.pmc_mck_set_division
                0x00402960       0x7c src/ASF/sam/drivers/pmc/pmc.o
                0x00402960                pmc_mck_set_division
 .text.pmc_switch_mck_to_pllack
                0x004029dc       0x84 src/ASF/sam/drivers/pmc/pmc.o
                0x004029dc                pmc_switch_mck_to_pllack
 .text.pmc_switch_sclk_to_32kxtal
                0x00402a60       0x38 src/ASF/sam/drivers/pmc/pmc.o
                0x00402a60                pmc_switch_sclk_to_32kxtal
 .text.pmc_osc_is_ready_32kxtal
                0x00402a98       0x34 src/ASF/sam/drivers/pmc/pmc.o
                0x00402a98                pmc_osc_is_ready_32kxtal
 .text.pmc_switch_mainck_to_fastrc
                0x00402acc       0x70 src/ASF/sam/drivers/pmc/pmc.o
                0x00402acc                pmc_switch_mainck_to_fastrc
 .text.pmc_switch_mainck_to_xtal
                0x00402b3c       0x78 src/ASF/sam/drivers/pmc/pmc.o
                0x00402b3c                pmc_switch_mainck_to_xtal
 .text.pmc_osc_is_ready_mainck
                0x00402bb4       0x1c src/ASF/sam/drivers/pmc/pmc.o
                0x00402bb4                pmc_osc_is_ready_mainck
 .text.pmc_disable_pllack
                0x00402bd0       0x1c src/ASF/sam/drivers/pmc/pmc.o
                0x00402bd0                pmc_disable_pllack
 .text.pmc_is_locked_pllack
                0x00402bec       0x1c src/ASF/sam/drivers/pmc/pmc.o
                0x00402bec                pmc_is_locked_pllack
 .text.pmc_is_locked_upll
                0x00402c08       0x1c src/ASF/sam/drivers/pmc/pmc.o
                0x00402c08                pmc_is_locked_upll
 .text.pmc_enable_periph_clk
                0x00402c24       0x3c src/ASF/sam/drivers/pmc/pmc.o
                0x00402c24                pmc_enable_periph_clk
 .text.cpu_irq_save
                0x00402c60       0x38 src/ASF/sam/utils/cmsis/same70/source/templates/gcc/startup_same70.o
 .text.cpu_irq_is_enabled_flags
                0x00402c98       0x20 src/ASF/sam/utils/cmsis/same70/source/templates/gcc/startup_same70.o
 .text.cpu_irq_restore
                0x00402cb8       0x30 src/ASF/sam/utils/cmsis/same70/source/templates/gcc/startup_same70.o
 .text.Reset_Handler
                0x00402ce8       0xb0 src/ASF/sam/utils/cmsis/same70/source/templates/gcc/startup_same70.o
                0x00402ce8                Reset_Handler
 .text.Dummy_Handler
                0x00402d98        0x6 src/ASF/sam/utils/cmsis/same70/source/templates/gcc/startup_same70.o
                0x00402d98                DACC_Handler
                0x00402d98                DebugMon_Handler
                0x00402d98                UART3_Handler
                0x00402d98                UART2_Handler
                0x00402d98                TRNG_Handler
                0x00402d98                HardFault_Handler
                0x00402d98                TC2_Handler
                0x00402d98                SysTick_Handler
                0x00402d98                AFEC1_Handler
                0x00402d98                PendSV_Handler
                0x00402d98                NMI_Handler
                0x00402d98                TC7_Handler
                0x00402d98                QSPI_Handler
                0x00402d98                ISI_Handler
                0x00402d98                MCAN0_INT0_Handler
                0x00402d98                TC9_Handler
                0x00402d98                RSWDT_Handler
                0x00402d98                USART0_Handler
                0x00402d98                USBHS_Handler
                0x00402d98                IXC_Handler
                0x00402d98                CCF_Handler
                0x00402d98                RTC_Handler
                0x00402d98                UsageFault_Handler
                0x00402d98                TC6_Handler
                0x00402d98                WDT_Handler
                0x00402d98                MCAN1_INT1_Handler
                0x00402d98                TC4_Handler
                0x00402d98                TC1_Handler
                0x00402d98                HSMCI_Handler
                0x00402d98                UART1_Handler
                0x00402d98                TC3_Handler
                0x00402d98                Dummy_Handler
                0x00402d98                TWIHS1_Handler
                0x00402d98                XDMAC_Handler
                0x00402d98                UART4_Handler
                0x00402d98                PWM1_Handler
                0x00402d98                USART1_Handler
                0x00402d98                PWM0_Handler
                0x00402d98                AFEC0_Handler
                0x00402d98                CCW_Handler
                0x00402d98                TC11_Handler
                0x00402d98                SSC_Handler
                0x00402d98                ACC_Handler
                0x00402d98                PMC_Handler
                0x00402d98                GMAC_Handler
                0x00402d98                MCAN0_INT1_Handler
                0x00402d98                GMAC_Q5_Handler
                0x00402d98                MemManage_Handler
                0x00402d98                SUPC_Handler
                0x00402d98                SVC_Handler
                0x00402d98                TC8_Handler
                0x00402d98                MCAN1_INT0_Handler
                0x00402d98                EFC_Handler
                0x00402d98                GMAC_Q1_Handler
                0x00402d98                USART2_Handler
                0x00402d98                SDRAMC_Handler
                0x00402d98                GMAC_Q2_Handler
                0x00402d98                SPI1_Handler
                0x00402d98                TC10_Handler
                0x00402d98                GMAC_Q3_Handler
                0x00402d98                TWIHS2_Handler
                0x00402d98                I2SC0_Handler
                0x00402d98                UART0_Handler
                0x00402d98                I2SC1_Handler
                0x00402d98                GMAC_Q4_Handler
                0x00402d98                FPU_Handler
                0x00402d98                BusFault_Handler
                0x00402d98                RSTC_Handler
                0x00402d98                TC0_Handler
                0x00402d98                TC5_Handler
                0x00402d98                AES_Handler
                0x00402d98                ICM_Handler
                0x00402d98                TWIHS0_Handler
                0x00402d98                SPI0_Handler
 *fill*         0x00402d9e        0x2 
 .text.SystemCoreClockUpdate
                0x00402da0      0x168 src/ASF/sam/utils/cmsis/same70/source/templates/system_same70.o
                0x00402da0                SystemCoreClockUpdate
 .text.system_init_flash
                0x00402f08       0xb0 src/ASF/sam/utils/cmsis/same70/source/templates/system_same70.o
                0x00402f08                system_init_flash
 .text._sbrk    0x00402fb8       0x58 src/ASF/sam/utils/syscalls/gcc/syscalls.o
                0x00402fb8                _sbrk
 .text.__libc_init_array
                0x00403010       0x50 e:/apps/atmel/studio/7.0/toolchain/arm/arm-gnu-toolchain/bin/../lib/gcc/arm-none-eabi/6.3.1/../../../../arm-none-eabi/lib/thumb/v7e-m\libc.a(lib_a-init.o)
                0x00403010                __libc_init_array
 .text          0x00403060      0x134 e:/apps/atmel/studio/7.0/toolchain/arm/arm-gnu-toolchain/bin/../lib/gcc/arm-none-eabi/6.3.1/../../../../arm-none-eabi/lib/thumb/v7e-m\libc.a(lib_a-memcpy.o)
                0x00403060                memcpy
 .text.memset   0x00403194       0x9c e:/apps/atmel/studio/7.0/toolchain/arm/arm-gnu-toolchain/bin/../lib/gcc/arm-none-eabi/6.3.1/../../../../arm-none-eabi/lib/thumb/v7e-m\libc.a(lib_a-memset.o)
                0x00403194                memset
 .text.sprintf  0x00403230       0x4c e:/apps/atmel/studio/7.0/toolchain/arm/arm-gnu-toolchain/bin/../lib/gcc/arm-none-eabi/6.3.1/../../../../arm-none-eabi/lib/thumb/v7e-m\libc.a(lib_a-sprintf.o)
                0x00403230                sprintf
 .text._svfprintf_r
                0x0040327c     0x145c e:/apps/atmel/studio/7.0/toolchain/arm/arm-gnu-toolchain/bin/../lib/gcc/arm-none-eabi/6.3.1/../../../../arm-none-eabi/lib/thumb/v7e-m\libc.a(lib_a-svfprintf.o)
                0x0040327c                _svfprintf_r
 .text.startup.register_fini
                0x004046d8       0x14 e:/apps/atmel/studio/7.0/toolchain/arm/arm-gnu-toolchain/bin/../lib/gcc/arm-none-eabi/6.3.1/../../../../arm-none-eabi/lib/thumb/v7e-m\libc.a(lib_a-__call_atexit.o)
 .text.atexit   0x004046ec        0xc e:/apps/atmel/studio/7.0/toolchain/arm/arm-gnu-toolchain/bin/../lib/gcc/arm-none-eabi/6.3.1/../../../../arm-none-eabi/lib/thumb/v7e-m\libc.a(lib_a-atexit.o)
                0x004046ec                atexit
 .text.quorem   0x004046f8      0x128 e:/apps/atmel/studio/7.0/toolchain/arm/arm-gnu-toolchain/bin/../lib/gcc/arm-none-eabi/6.3.1/../../../../arm-none-eabi/lib/thumb/v7e-m\libc.a(lib_a-dtoa.o)
 .text._dtoa_r  0x00404820      0xe54 e:/apps/atmel/studio/7.0/toolchain/arm/arm-gnu-toolchain/bin/../lib/gcc/arm-none-eabi/6.3.1/../../../../arm-none-eabi/lib/thumb/v7e-m\libc.a(lib_a-dtoa.o)
                0x00404820                _dtoa_r
 .text.__libc_fini_array
                0x00405674       0x34 e:/apps/atmel/studio/7.0/toolchain/arm/arm-gnu-toolchain/bin/../lib/gcc/arm-none-eabi/6.3.1/../../../../arm-none-eabi/lib/thumb/v7e-m\libc.a(lib_a-fini.o)
                0x00405674                __libc_fini_array
 .text._localeconv_r
                0x004056a8       0x1c e:/apps/atmel/studio/7.0/toolchain/arm/arm-gnu-toolchain/bin/../lib/gcc/arm-none-eabi/6.3.1/../../../../arm-none-eabi/lib/thumb/v7e-m\libc.a(lib_a-localeconv.o)
                0x004056a8                _localeconv_r
 .text.__retarget_lock_acquire_recursive
                0x004056c4        0x4 e:/apps/atmel/studio/7.0/toolchain/arm/arm-gnu-toolchain/bin/../lib/gcc/arm-none-eabi/6.3.1/../../../../arm-none-eabi/lib/thumb/v7e-m\libc.a(lib_a-lock.o)
                0x004056c4                __retarget_lock_acquire_recursive
 .text.__retarget_lock_release_recursive
                0x004056c8        0x4 e:/apps/atmel/studio/7.0/toolchain/arm/arm-gnu-toolchain/bin/../lib/gcc/arm-none-eabi/6.3.1/../../../../arm-none-eabi/lib/thumb/v7e-m\libc.a(lib_a-lock.o)
                0x004056c8                __retarget_lock_release_recursive
 .text._malloc_r
                0x004056cc      0x560 e:/apps/atmel/studio/7.0/toolchain/arm/arm-gnu-toolchain/bin/../lib/gcc/arm-none-eabi/6.3.1/../../../../arm-none-eabi/lib/thumb/v7e-m\libc.a(lib_a-mallocr.o)
                0x004056cc                _malloc_r
 *fill*         0x00405c2c        0x4 
 .text          0x00405c30       0xa0 e:/apps/atmel/studio/7.0/toolchain/arm/arm-gnu-toolchain/bin/../lib/gcc/arm-none-eabi/6.3.1/../../../../arm-none-eabi/lib/thumb/v7e-m\libc.a(lib_a-memchr.o)
                0x00405c30                memchr
 .text.__malloc_lock
                0x00405cd0        0xc e:/apps/atmel/studio/7.0/toolchain/arm/arm-gnu-toolchain/bin/../lib/gcc/arm-none-eabi/6.3.1/../../../../arm-none-eabi/lib/thumb/v7e-m\libc.a(lib_a-mlock.o)
                0x00405cd0                __malloc_lock
 .text.__malloc_unlock
                0x00405cdc        0xc e:/apps/atmel/studio/7.0/toolchain/arm/arm-gnu-toolchain/bin/../lib/gcc/arm-none-eabi/6.3.1/../../../../arm-none-eabi/lib/thumb/v7e-m\libc.a(lib_a-mlock.o)
                0x00405cdc                __malloc_unlock
 .text._Balloc  0x00405ce8       0x4c e:/apps/atmel/studio/7.0/toolchain/arm/arm-gnu-toolchain/bin/../lib/gcc/arm-none-eabi/6.3.1/../../../../arm-none-eabi/lib/thumb/v7e-m\libc.a(lib_a-mprec.o)
                0x00405ce8                _Balloc
 .text._Bfree   0x00405d34       0x14 e:/apps/atmel/studio/7.0/toolchain/arm/arm-gnu-toolchain/bin/../lib/gcc/arm-none-eabi/6.3.1/../../../../arm-none-eabi/lib/thumb/v7e-m\libc.a(lib_a-mprec.o)
                0x00405d34                _Bfree
 .text.__multadd
                0x00405d48       0x80 e:/apps/atmel/studio/7.0/toolchain/arm/arm-gnu-toolchain/bin/../lib/gcc/arm-none-eabi/6.3.1/../../../../arm-none-eabi/lib/thumb/v7e-m\libc.a(lib_a-mprec.o)
                0x00405d48                __multadd
 .text.__hi0bits
                0x00405dc8       0x40 e:/apps/atmel/studio/7.0/toolchain/arm/arm-gnu-toolchain/bin/../lib/gcc/arm-none-eabi/6.3.1/../../../../arm-none-eabi/lib/thumb/v7e-m\libc.a(lib_a-mprec.o)
                0x00405dc8                __hi0bits
 .text.__lo0bits
                0x00405e08       0x60 e:/apps/atmel/studio/7.0/toolchain/arm/arm-gnu-toolchain/bin/../lib/gcc/arm-none-eabi/6.3.1/../../../../arm-none-eabi/lib/thumb/v7e-m\libc.a(lib_a-mprec.o)
                0x00405e08                __lo0bits
 .text.__i2b    0x00405e68       0x14 e:/apps/atmel/studio/7.0/toolchain/arm/arm-gnu-toolchain/bin/../lib/gcc/arm-none-eabi/6.3.1/../../../../arm-none-eabi/lib/thumb/v7e-m\libc.a(lib_a-mprec.o)
                0x00405e68                __i2b
 .text.__multiply
                0x00405e7c      0x124 e:/apps/atmel/studio/7.0/toolchain/arm/arm-gnu-toolchain/bin/../lib/gcc/arm-none-eabi/6.3.1/../../../../arm-none-eabi/lib/thumb/v7e-m\libc.a(lib_a-mprec.o)
                0x00405e7c                __multiply
 .text.__pow5mult
                0x00405fa0       0xa0 e:/apps/atmel/studio/7.0/toolchain/arm/arm-gnu-toolchain/bin/../lib/gcc/arm-none-eabi/6.3.1/../../../../arm-none-eabi/lib/thumb/v7e-m\libc.a(lib_a-mprec.o)
                0x00405fa0                __pow5mult
 .text.__lshift
                0x00406040       0xa4 e:/apps/atmel/studio/7.0/toolchain/arm/arm-gnu-toolchain/bin/../lib/gcc/arm-none-eabi/6.3.1/../../../../arm-none-eabi/lib/thumb/v7e-m\libc.a(lib_a-mprec.o)
                0x00406040                __lshift
 .text.__mcmp   0x004060e4       0x38 e:/apps/atmel/studio/7.0/toolchain/arm/arm-gnu-toolchain/bin/../lib/gcc/arm-none-eabi/6.3.1/../../../../arm-none-eabi/lib/thumb/v7e-m\libc.a(lib_a-mprec.o)
                0x004060e4                __mcmp
 .text.__mdiff  0x0040611c      0x108 e:/apps/atmel/studio/7.0/toolchain/arm/arm-gnu-toolchain/bin/../lib/gcc/arm-none-eabi/6.3.1/../../../../arm-none-eabi/lib/thumb/v7e-m\libc.a(lib_a-mprec.o)
                0x0040611c                __mdiff
 .text.__d2b    0x00406224       0xb8 e:/apps/atmel/studio/7.0/toolchain/arm/arm-gnu-toolchain/bin/../lib/gcc/arm-none-eabi/6.3.1/../../../../arm-none-eabi/lib/thumb/v7e-m\libc.a(lib_a-mprec.o)
                0x00406224                __d2b
 .text._sbrk_r  0x004062dc       0x24 e:/apps/atmel/studio/7.0/toolchain/arm/arm-gnu-toolchain/bin/../lib/gcc/arm-none-eabi/6.3.1/../../../../arm-none-eabi/lib/thumb/v7e-m\libc.a(lib_a-sbrkr.o)
                0x004062dc                _sbrk_r
 .text          0x00406300       0xdc e:/apps/atmel/studio/7.0/toolchain/arm/arm-gnu-toolchain/bin/../lib/gcc/arm-none-eabi/6.3.1/../../../../arm-none-eabi/lib/thumb/v7e-m\libc.a(lib_a-strlen.o)
                0x00406300                strlen
 .text.__ssprint_r
                0x004063dc       0xfc e:/apps/atmel/studio/7.0/toolchain/arm/arm-gnu-toolchain/bin/../lib/gcc/arm-none-eabi/6.3.1/../../../../arm-none-eabi/lib/thumb/v7e-m\libc.a(lib_a-svfiprintf.o)
                0x004063dc                __ssprint_r
 .text.__register_exitproc
                0x004064d8       0xc4 e:/apps/atmel/studio/7.0/toolchain/arm/arm-gnu-toolchain/bin/../lib/gcc/arm-none-eabi/6.3.1/../../../../arm-none-eabi/lib/thumb/v7e-m\libc.a(lib_a-__atexit.o)
                0x004064d8                __register_exitproc
 .text._calloc_r
                0x0040659c       0x60 e:/apps/atmel/studio/7.0/toolchain/arm/arm-gnu-toolchain/bin/../lib/gcc/arm-none-eabi/6.3.1/../../../../arm-none-eabi/lib/thumb/v7e-m\libc.a(lib_a-callocr.o)
                0x0040659c                _calloc_r
 .text._malloc_trim_r
                0x004065fc       0xa0 e:/apps/atmel/studio/7.0/toolchain/arm/arm-gnu-toolchain/bin/../lib/gcc/arm-none-eabi/6.3.1/../../../../arm-none-eabi/lib/thumb/v7e-m\libc.a(lib_a-freer.o)
                0x004065fc                _malloc_trim_r
 .text._free_r  0x0040669c      0x1cc e:/apps/atmel/studio/7.0/toolchain/arm/arm-gnu-toolchain/bin/../lib/gcc/arm-none-eabi/6.3.1/../../../../arm-none-eabi/lib/thumb/v7e-m\libc.a(lib_a-freer.o)
                0x0040669c                _free_r
 .text.__ascii_mbtowc
                0x00406868       0x2c e:/apps/atmel/studio/7.0/toolchain/arm/arm-gnu-toolchain/bin/../lib/gcc/arm-none-eabi/6.3.1/../../../../arm-none-eabi/lib/thumb/v7e-m\libc.a(lib_a-mbtowc_r.o)
                0x00406868                __ascii_mbtowc
 .text.memmove  0x00406894       0xc8 e:/apps/atmel/studio/7.0/toolchain/arm/arm-gnu-toolchain/bin/../lib/gcc/arm-none-eabi/6.3.1/../../../../arm-none-eabi/lib/thumb/v7e-m\libc.a(lib_a-memmove.o)
                0x00406894                memmove
 .text._realloc_r
                0x0040695c      0x34c e:/apps/atmel/studio/7.0/toolchain/arm/arm-gnu-toolchain/bin/../lib/gcc/arm-none-eabi/6.3.1/../../../../arm-none-eabi/lib/thumb/v7e-m\libc.a(lib_a-reallocr.o)
                0x0040695c                _realloc_r
 .text.__ascii_wctomb
                0x00406ca8       0x1c e:/apps/atmel/studio/7.0/toolchain/arm/arm-gnu-toolchain/bin/../lib/gcc/arm-none-eabi/6.3.1/../../../../arm-none-eabi/lib/thumb/v7e-m\libc.a(lib_a-wctomb_r.o)
                0x00406ca8                __ascii_wctomb
 .text          0x00406cc4      0x370 e:/apps/atmel/studio/7.0/toolchain/arm/arm-gnu-toolchain/bin/../lib/gcc/arm-none-eabi/6.3.1/thumb/v7e-m\libgcc.a(_arm_addsubdf3.o)
                0x00406cc4                __aeabi_drsub
                0x00406ccc                __aeabi_dsub
                0x00406ccc                __subdf3
                0x00406cd0                __aeabi_dadd
                0x00406cd0                __adddf3
                0x00406f48                __floatunsidf
                0x00406f48                __aeabi_ui2d
                0x00406f68                __floatsidf
                0x00406f68                __aeabi_i2d
                0x00406f8c                __aeabi_f2d
                0x00406f8c                __extendsfdf2
                0x00406fc8                __floatundidf
                0x00406fc8                __aeabi_ul2d
                0x00406fd8                __floatdidf
                0x00406fd8                __aeabi_l2d
 .text          0x00407034      0x424 e:/apps/atmel/studio/7.0/toolchain/arm/arm-gnu-toolchain/bin/../lib/gcc/arm-none-eabi/6.3.1/thumb/v7e-m\libgcc.a(_arm_muldivdf3.o)
                0x00407034                __aeabi_dmul
                0x00407034                __muldf3
                0x00407288                __divdf3
                0x00407288                __aeabi_ddiv
 .text          0x00407458      0x110 e:/apps/atmel/studio/7.0/toolchain/arm/arm-gnu-toolchain/bin/../lib/gcc/arm-none-eabi/6.3.1/thumb/v7e-m\libgcc.a(_arm_cmpdf2.o)
                0x00407458                __gtdf2
                0x00407458                __gedf2
                0x00407460                __ltdf2
                0x00407460                __ledf2
                0x00407468                __nedf2
                0x00407468                __eqdf2
                0x00407468                __cmpdf2
                0x004074e4                __aeabi_cdrcmple
                0x004074f4                __aeabi_cdcmpeq
                0x004074f4                __aeabi_cdcmple
                0x00407504                __aeabi_dcmpeq
                0x00407518                __aeabi_dcmplt
                0x0040752c                __aeabi_dcmple
                0x00407540                __aeabi_dcmpge
                0x00407554                __aeabi_dcmpgt
 .text          0x00407568       0x2c e:/apps/atmel/studio/7.0/toolchain/arm/arm-gnu-toolchain/bin/../lib/gcc/arm-none-eabi/6.3.1/thumb/v7e-m\libgcc.a(_arm_unorddf2.o)
                0x00407568                __unorddf2
                0x00407568                __aeabi_dcmpun
 .text          0x00407594       0x50 e:/apps/atmel/studio/7.0/toolchain/arm/arm-gnu-toolchain/bin/../lib/gcc/arm-none-eabi/6.3.1/thumb/v7e-m\libgcc.a(_arm_fixdfsi.o)
                0x00407594                __aeabi_d2iz
                0x00407594                __fixdfsi
 .text          0x004075e4       0x30 e:/apps/atmel/studio/7.0/toolchain/arm/arm-gnu-toolchain/bin/../lib/gcc/arm-none-eabi/6.3.1/thumb/v7e-m\libgcc.a(_aeabi_uldivmod.o)
                0x004075e4                __aeabi_uldivmod
 .text          0x00407614      0x2dc e:/apps/atmel/studio/7.0/toolchain/arm/arm-gnu-toolchain/bin/../lib/gcc/arm-none-eabi/6.3.1/thumb/v7e-m\libgcc.a(_udivmoddi4.o)
                0x00407614                __udivmoddi4
 .text          0x004078f0        0x4 e:/apps/atmel/studio/7.0/toolchain/arm/arm-gnu-toolchain/bin/../lib/gcc/arm-none-eabi/6.3.1/thumb/v7e-m\libgcc.a(_dvmd_tls.o)
                0x004078f0                __aeabi_idiv0
                0x004078f0                __aeabi_ldiv0
 *(.glue_7t)
 .glue_7t       0x004078f4        0x0 linker stubs
 *(.glue_7)
 .glue_7        0x004078f4        0x0 linker stubs
 *(.rodata .rodata* .gnu.linkonce.r.*)
 .rodata.image_data_calibri_36_0x20
                0x004078f4      0x378 src/main.o
 .rodata.calibri_36_0x20
                0x00407c6c       0x10 src/main.o
 .rodata.image_data_calibri_36_0x21
                0x00407c7c      0x534 src/main.o
 .rodata.calibri_36_0x21
                0x004081b0       0x10 src/main.o
 .rodata.image_data_calibri_36_0x22
                0x004081c0      0x612 src/main.o
 *fill*         0x004087d2        0x2 
 .rodata.calibri_36_0x22
                0x004087d4       0x10 src/main.o
 .rodata.image_data_calibri_36_0x23
                0x004087e4      0x7ce src/main.o
 *fill*         0x00408fb2        0x2 
 .rodata.calibri_36_0x23
                0x00408fb4       0x10 src/main.o
 .rodata.image_data_calibri_36_0x24
                0x00408fc4      0x7ce src/main.o
 *fill*         0x00409792        0x2 
 .rodata.calibri_36_0x24
                0x00409794       0x10 src/main.o
 .rodata.image_data_calibri_36_0x25
                0x004097a4      0xb46 src/main.o
 *fill*         0x0040a2ea        0x2 
 .rodata.calibri_36_0x25
                0x0040a2ec       0x10 src/main.o
 .rodata.image_data_calibri_36_0x26
                0x0040a2fc      0xad7 src/main.o
 *fill*         0x0040add3        0x1 
 .rodata.calibri_36_0x26
                0x0040add4       0x10 src/main.o
 .rodata.image_data_calibri_36_0x27
                0x0040ade4      0x378 src/main.o
 .rodata.calibri_36_0x27
                0x0040b15c       0x10 src/main.o
 .rodata.image_data_calibri_36_0x28
                0x0040b16c      0x4c5 src/main.o
 *fill*         0x0040b631        0x3 
 .rodata.calibri_36_0x28
                0x0040b634       0x10 src/main.o
 .rodata.image_data_calibri_36_0x29
                0x0040b644      0x4c5 src/main.o
 *fill*         0x0040bb09        0x3 
 .rodata.calibri_36_0x29
                0x0040bb0c       0x10 src/main.o
 .rodata.image_data_calibri_36_0x2a
                0x0040bb1c      0x7ce src/main.o
 *fill*         0x0040c2ea        0x2 
 .rodata.calibri_36_0x2a
                0x0040c2ec       0x10 src/main.o
 .rodata.image_data_calibri_36_0x2b
                0x0040c2fc      0x7ce src/main.o
 *fill*         0x0040caca        0x2 
 .rodata.calibri_36_0x2b
                0x0040cacc       0x10 src/main.o
 .rodata.image_data_calibri_36_0x2c
                0x0040cadc      0x3e7 src/main.o
 *fill*         0x0040cec3        0x1 
 .rodata.calibri_36_0x2c
                0x0040cec4       0x10 src/main.o
 .rodata.image_data_calibri_36_0x2d
                0x0040ced4      0x4c5 src/main.o
 *fill*         0x0040d399        0x3 
 .rodata.calibri_36_0x2d
                0x0040d39c       0x10 src/main.o
 .rodata.image_data_calibri_36_0x2e
                0x0040d3ac      0x3e7 src/main.o
 *fill*         0x0040d793        0x1 
 .rodata.calibri_36_0x2e
                0x0040d794       0x10 src/main.o
 .rodata.image_data_calibri_36_0x2f
                0x0040d7a4      0x612 src/main.o
 *fill*         0x0040ddb6        0x2 
 .rodata.calibri_36_0x2f
                0x0040ddb8       0x10 src/main.o
 .rodata.image_data_calibri_36_0x30
                0x0040ddc8      0x7ce src/main.o
 *fill*         0x0040e596        0x2 
 .rodata.calibri_36_0x30
                0x0040e598       0x10 src/main.o
 .rodata.image_data_calibri_36_0x31
                0x0040e5a8      0x7ce src/main.o
 *fill*         0x0040ed76        0x2 
 .rodata.calibri_36_0x31
                0x0040ed78       0x10 src/main.o
 .rodata.image_data_calibri_36_0x32
                0x0040ed88      0x7ce src/main.o
 *fill*         0x0040f556        0x2 
 .rodata.calibri_36_0x32
                0x0040f558       0x10 src/main.o
 .rodata.image_data_calibri_36_0x33
                0x0040f568      0x7ce src/main.o
 *fill*         0x0040fd36        0x2 
 .rodata.calibri_36_0x33
                0x0040fd38       0x10 src/main.o
 .rodata.image_data_calibri_36_0x34
                0x0040fd48      0x7ce src/main.o
 *fill*         0x00410516        0x2 
 .rodata.calibri_36_0x34
                0x00410518       0x10 src/main.o
 .rodata.image_data_calibri_36_0x35
                0x00410528      0x7ce src/main.o
 *fill*         0x00410cf6        0x2 
 .rodata.calibri_36_0x35
                0x00410cf8       0x10 src/main.o
 .rodata.image_data_calibri_36_0x36
                0x00410d08      0x7ce src/main.o
 *fill*         0x004114d6        0x2 
 .rodata.calibri_36_0x36
                0x004114d8       0x10 src/main.o
 .rodata.image_data_calibri_36_0x37
                0x004114e8      0x7ce src/main.o
 *fill*         0x00411cb6        0x2 
 .rodata.calibri_36_0x37
                0x00411cb8       0x10 src/main.o
 .rodata.image_data_calibri_36_0x38
                0x00411cc8      0x7ce src/main.o
 *fill*         0x00412496        0x2 
 .rodata.calibri_36_0x38
                0x00412498       0x10 src/main.o
 .rodata.image_data_calibri_36_0x39
                0x004124a8      0x7ce src/main.o
 *fill*         0x00412c76        0x2 
 .rodata.calibri_36_0x39
                0x00412c78       0x10 src/main.o
 .rodata.image_data_calibri_36_0x3a
                0x00412c88      0x456 src/main.o
 *fill*         0x004130de        0x2 
 .rodata.calibri_36_0x3a
                0x004130e0       0x10 src/main.o
 .rodata.image_data_calibri_36_0x3b
                0x004130f0      0x456 src/main.o
 *fill*         0x00413546        0x2 
 .rodata.calibri_36_0x3b
                0x00413548       0x10 src/main.o
 .rodata.image_data_calibri_36_0x3c
                0x00413558      0x7ce src/main.o
 *fill*         0x00413d26        0x2 
 .rodata.calibri_36_0x3c
                0x00413d28       0x10 src/main.o
 .rodata.image_data_calibri_36_0x3d
                0x00413d38      0x7ce src/main.o
 *fill*         0x00414506        0x2 
 .rodata.calibri_36_0x3d
                0x00414508       0x10 src/main.o
 .rodata.image_data_calibri_36_0x3e
                0x00414518      0x7ce src/main.o
 *fill*         0x00414ce6        0x2 
 .rodata.calibri_36_0x3e
                0x00414ce8       0x10 src/main.o
 .rodata.image_data_calibri_36_0x3f
                0x00414cf8      0x75f src/main.o
 *fill*         0x00415457        0x1 
 .rodata.calibri_36_0x3f
                0x00415458       0x10 src/main.o
 .rodata.image_data_calibri_36_0x40
                0x00415468      0xde0 src/main.o
 .rodata.calibri_36_0x40
                0x00416248       0x10 src/main.o
 .rodata.image_data_calibri_36_0x41
                0x00416258      0x91b src/main.o
 *fill*         0x00416b73        0x1 
 .rodata.calibri_36_0x41
                0x00416b74       0x10 src/main.o
 .rodata.image_data_calibri_36_0x42
                0x00416b84      0x8ac src/main.o
 .rodata.calibri_36_0x42
                0x00417430       0x10 src/main.o
 .rodata.image_data_calibri_36_0x43
                0x00417440      0x83d src/main.o
 *fill*         0x00417c7d        0x3 
 .rodata.calibri_36_0x43
                0x00417c80       0x10 src/main.o
 .rodata.image_data_calibri_36_0x44
                0x00417c90      0x98a src/main.o
 *fill*         0x0041861a        0x2 
 .rodata.calibri_36_0x44
                0x0041861c       0x10 src/main.o
 .rodata.image_data_calibri_36_0x45
                0x0041862c      0x7ce src/main.o
 *fill*         0x00418dfa        0x2 
 .rodata.calibri_36_0x45
                0x00418dfc       0x10 src/main.o
 .rodata.image_data_calibri_36_0x46
                0x00418e0c      0x75f src/main.o
 *fill*         0x0041956b        0x1 
 .rodata.calibri_36_0x46
                0x0041956c       0x10 src/main.o
 .rodata.image_data_calibri_36_0x47
                0x0041957c      0x9f9 src/main.o
 *fill*         0x00419f75        0x3 
 .rodata.calibri_36_0x47
                0x00419f78       0x10 src/main.o
 .rodata.image_data_calibri_36_0x48
                0x00419f88      0x98a src/main.o
 *fill*         0x0041a912        0x2 
 .rodata.calibri_36_0x48
                0x0041a914       0x10 src/main.o
 .rodata.image_data_calibri_36_0x49
                0x0041a924      0x3e7 src/main.o
 *fill*         0x0041ad0b        0x1 
 .rodata.calibri_36_0x49
                0x0041ad0c       0x10 src/main.o
 .rodata.image_data_calibri_36_0x4a
                0x0041ad1c      0x4c5 src/main.o
 *fill*         0x0041b1e1        0x3 
 .rodata.calibri_36_0x4a
                0x0041b1e4       0x10 src/main.o
 .rodata.image_data_calibri_36_0x4b
                0x0041b1f4      0x83d src/main.o
 *fill*         0x0041ba31        0x3 
 .rodata.calibri_36_0x4b
                0x0041ba34       0x10 src/main.o
 .rodata.image_data_calibri_36_0x4c
                0x0041ba44      0x681 src/main.o
 *fill*         0x0041c0c5        0x3 
 .rodata.calibri_36_0x4c
                0x0041c0c8       0x10 src/main.o
 .rodata.image_data_calibri_36_0x4d
                0x0041c0d8      0xd71 src/main.o
 *fill*         0x0041ce49        0x3 
 .rodata.calibri_36_0x4d
                0x0041ce4c       0x10 src/main.o
 .rodata.image_data_calibri_36_0x4e
                0x0041ce5c      0x9f9 src/main.o
 *fill*         0x0041d855        0x3 
 .rodata.calibri_36_0x4e
                0x0041d858       0x10 src/main.o
 .rodata.image_data_calibri_36_0x4f
                0x0041d868      0xa68 src/main.o
 .rodata.calibri_36_0x4f
                0x0041e2d0       0x10 src/main.o
 .rodata.image_data_calibri_36_0x50
                0x0041e2e0      0x83d src/main.o
 *fill*         0x0041eb1d        0x3 
 .rodata.calibri_36_0x50
                0x0041eb20       0x10 src/main.o
 .rodata.image_data_calibri_36_0x51
                0x0041eb30      0xad7 src/main.o
 *fill*         0x0041f607        0x1 
 .rodata.calibri_36_0x51
                0x0041f608       0x10 src/main.o
 .rodata.image_data_calibri_36_0x52
                0x0041f618      0x8ac src/main.o
 .rodata.calibri_36_0x52
                0x0041fec4       0x10 src/main.o
 .rodata.image_data_calibri_36_0x53
                0x0041fed4      0x75f src/main.o
 *fill*         0x00420633        0x1 
 .rodata.calibri_36_0x53
                0x00420634       0x10 src/main.o
 .rodata.image_data_calibri_36_0x54
                0x00420644      0x7ce src/main.o
 *fill*         0x00420e12        0x2 
 .rodata.calibri_36_0x54
                0x00420e14       0x10 src/main.o
 .rodata.image_data_calibri_36_0x55
                0x00420e24      0x9f9 src/main.o
 *fill*         0x0042181d        0x3 
 .rodata.calibri_36_0x55
                0x00421820       0x10 src/main.o
 .rodata.image_data_calibri_36_0x56
                0x00421830      0x8ac src/main.o
 .rodata.calibri_36_0x56
                0x004220dc       0x10 src/main.o
 .rodata.image_data_calibri_36_0x57
                0x004220ec      0xde0 src/main.o
 .rodata.calibri_36_0x57
                0x00422ecc       0x10 src/main.o
 .rodata.image_data_calibri_36_0x58
                0x00422edc      0x83d src/main.o
 *fill*         0x00423719        0x3 
 .rodata.calibri_36_0x58
                0x0042371c       0x10 src/main.o
 .rodata.image_data_calibri_36_0x59
                0x0042372c      0x7ce src/main.o
 *fill*         0x00423efa        0x2 
 .rodata.calibri_36_0x59
                0x00423efc       0x10 src/main.o
 .rodata.image_data_calibri_36_0x5a
                0x00423f0c      0x75f src/main.o
 *fill*         0x0042466b        0x1 
 .rodata.calibri_36_0x5a
                0x0042466c       0x10 src/main.o
 .rodata.image_data_calibri_36_0x5b
                0x0042467c      0x4c5 src/main.o
 *fill*         0x00424b41        0x3 
 .rodata.calibri_36_0x5b
                0x00424b44       0x10 src/main.o
 .rodata.image_data_calibri_36_0x5c
                0x00424b54      0x612 src/main.o
 *fill*         0x00425166        0x2 
 .rodata.calibri_36_0x5c
                0x00425168       0x10 src/main.o
 .rodata.image_data_calibri_36_0x5d
                0x00425178      0x4c5 src/main.o
 *fill*         0x0042563d        0x3 
 .rodata.calibri_36_0x5d
                0x00425640       0x10 src/main.o
 .rodata.image_data_calibri_36_0x5e
                0x00425650      0x7ce src/main.o
 *fill*         0x00425e1e        0x2 
 .rodata.calibri_36_0x5e
                0x00425e20       0x10 src/main.o
 .rodata.image_data_calibri_36_0x5f
                0x00425e30      0x7ce src/main.o
 *fill*         0x004265fe        0x2 
 .rodata.calibri_36_0x5f
                0x00426600       0x10 src/main.o
 .rodata.image_data_calibri_36_0x60
                0x00426610      0x456 src/main.o
 *fill*         0x00426a66        0x2 
 .rodata.calibri_36_0x60
                0x00426a68       0x10 src/main.o
 .rodata.image_data_calibri_36_0x61
                0x00426a78      0x75f src/main.o
 *fill*         0x004271d7        0x1 
 .rodata.calibri_36_0x61
                0x004271d8       0x10 src/main.o
 .rodata.image_data_calibri_36_0x62
                0x004271e8      0x83d src/main.o
 *fill*         0x00427a25        0x3 
 .rodata.calibri_36_0x62
                0x00427a28       0x10 src/main.o
 .rodata.image_data_calibri_36_0x63
                0x00427a38      0x681 src/main.o
 *fill*         0x004280b9        0x3 
 .rodata.calibri_36_0x63
                0x004280bc       0x10 src/main.o
 .rodata.image_data_calibri_36_0x64
                0x004280cc      0x83d src/main.o
 *fill*         0x00428909        0x3 
 .rodata.calibri_36_0x64
                0x0042890c       0x10 src/main.o
 .rodata.image_data_calibri_36_0x65
                0x0042891c      0x7ce src/main.o
 *fill*         0x004290ea        0x2 
 .rodata.calibri_36_0x65
                0x004290ec       0x10 src/main.o
 .rodata.image_data_calibri_36_0x66
                0x004290fc      0x4c5 src/main.o
 *fill*         0x004295c1        0x3 
 .rodata.calibri_36_0x66
                0x004295c4       0x10 src/main.o
 .rodata.image_data_calibri_36_0x67
                0x004295d4      0x75f src/main.o
 *fill*         0x00429d33        0x1 
 .rodata.calibri_36_0x67
                0x00429d34       0x10 src/main.o
 .rodata.image_data_calibri_36_0x68
                0x00429d44      0x83d src/main.o
 *fill*         0x0042a581        0x3 
 .rodata.calibri_36_0x68
                0x0042a584       0x10 src/main.o
 .rodata.image_data_calibri_36_0x69
                0x0042a594      0x378 src/main.o
 .rodata.calibri_36_0x69
                0x0042a90c       0x10 src/main.o
 .rodata.image_data_calibri_36_0x6a
                0x0042a91c      0x3e7 src/main.o
 *fill*         0x0042ad03        0x1 
 .rodata.calibri_36_0x6a
                0x0042ad04       0x10 src/main.o
 .rodata.image_data_calibri_36_0x6b
                0x0042ad14      0x6f0 src/main.o
 .rodata.calibri_36_0x6b
                0x0042b404       0x10 src/main.o
 .rodata.image_data_calibri_36_0x6c
                0x0042b414      0x378 src/main.o
 .rodata.calibri_36_0x6c
                0x0042b78c       0x10 src/main.o
 .rodata.image_data_calibri_36_0x6d
                0x0042b79c      0xc93 src/main.o
 *fill*         0x0042c42f        0x1 
 .rodata.calibri_36_0x6d
                0x0042c430       0x10 src/main.o
 .rodata.image_data_calibri_36_0x6e
                0x0042c440      0x83d src/main.o
 *fill*         0x0042cc7d        0x3 
 .rodata.calibri_36_0x6e
                0x0042cc80       0x10 src/main.o
 .rodata.image_data_calibri_36_0x6f
                0x0042cc90      0x83d src/main.o
 *fill*         0x0042d4cd        0x3 
 .rodata.calibri_36_0x6f
                0x0042d4d0       0x10 src/main.o
 .rodata.image_data_calibri_36_0x70
                0x0042d4e0      0x83d src/main.o
 *fill*         0x0042dd1d        0x3 
 .rodata.calibri_36_0x70
                0x0042dd20       0x10 src/main.o
 .rodata.image_data_calibri_36_0x71
                0x0042dd30      0x83d src/main.o
 *fill*         0x0042e56d        0x3 
 .rodata.calibri_36_0x71
                0x0042e570       0x10 src/main.o
 .rodata.image_data_calibri_36_0x72
                0x0042e580      0x5a3 src/main.o
 *fill*         0x0042eb23        0x1 
 .rodata.calibri_36_0x72
                0x0042eb24       0x10 src/main.o
 .rodata.image_data_calibri_36_0x73
                0x0042eb34      0x612 src/main.o
 *fill*         0x0042f146        0x2 
 .rodata.calibri_36_0x73
                0x0042f148       0x10 src/main.o
 .rodata.image_data_calibri_36_0x74
                0x0042f158      0x534 src/main.o
 .rodata.calibri_36_0x74
                0x0042f68c       0x10 src/main.o
 .rodata.image_data_calibri_36_0x75
                0x0042f69c      0x83d src/main.o
 *fill*         0x0042fed9        0x3 
 .rodata.calibri_36_0x75
                0x0042fedc       0x10 src/main.o
 .rodata.image_data_calibri_36_0x76
                0x0042feec      0x6f0 src/main.o
 .rodata.calibri_36_0x76
                0x004305dc       0x10 src/main.o
 .rodata.image_data_calibri_36_0x77
                0x004305ec      0xb46 src/main.o
 *fill*         0x00431132        0x2 
 .rodata.calibri_36_0x77
                0x00431134       0x10 src/main.o
 .rodata.image_data_calibri_36_0x78
                0x00431144      0x6f0 src/main.o
 .rodata.calibri_36_0x78
                0x00431834       0x10 src/main.o
 .rodata.image_data_calibri_36_0x79
                0x00431844      0x6f0 src/main.o
 .rodata.calibri_36_0x79
                0x00431f34       0x10 src/main.o
 .rodata.image_data_calibri_36_0x7a
                0x00431f44      0x612 src/main.o
 *fill*         0x00432556        0x2 
 .rodata.calibri_36_0x7a
                0x00432558       0x10 src/main.o
 .rodata.image_data_calibri_36_0x7b
                0x00432568      0x4c5 src/main.o
 *fill*         0x00432a2d        0x3 
 .rodata.calibri_36_0x7b
                0x00432a30       0x10 src/main.o
 .rodata.image_data_calibri_36_0x7c
                0x00432a40      0x75f src/main.o
 *fill*         0x0043319f        0x1 
 .rodata.calibri_36_0x7c
                0x004331a0       0x10 src/main.o
 .rodata.image_data_calibri_36_0x7d
                0x004331b0      0x4c5 src/main.o
 *fill*         0x00433675        0x3 
 .rodata.calibri_36_0x7d
                0x00433678       0x10 src/main.o
 .rodata.image_data_calibri_36_0x7e
                0x00433688      0x7ce src/main.o
 *fill*         0x00433e56        0x2 
 .rodata.calibri_36_0x7e
                0x00433e58       0x10 src/main.o
 .rodata.calibri_36_array
                0x00433e68      0x2f8 src/main.o
 .rodata.calibri_36
                0x00434160        0xc src/main.o
                0x00434160                calibri_36
 .rodata.image_data_arial_72_0x30
                0x0043416c     0x2760 src/main.o
 .rodata.arial_72_0x30
                0x004368cc       0x10 src/main.o
 .rodata.image_data_arial_72_0x31
                0x004368dc     0x2760 src/main.o
 .rodata.arial_72_0x31
                0x0043903c       0x10 src/main.o
 .rodata.image_data_arial_72_0x32
                0x0043904c     0x2760 src/main.o
 .rodata.arial_72_0x32
                0x0043b7ac       0x10 src/main.o
 .rodata.image_data_arial_72_0x33
                0x0043b7bc     0x2760 src/main.o
 .rodata.arial_72_0x33
                0x0043df1c       0x10 src/main.o
 .rodata.image_data_arial_72_0x34
                0x0043df2c     0x2760 src/main.o
 .rodata.arial_72_0x34
                0x0044068c       0x10 src/main.o
 .rodata.image_data_arial_72_0x35
                0x0044069c     0x2760 src/main.o
 .rodata.arial_72_0x35
                0x00442dfc       0x10 src/main.o
 .rodata.image_data_arial_72_0x36
                0x00442e0c     0x2760 src/main.o
 .rodata.arial_72_0x36
                0x0044556c       0x10 src/main.o
 .rodata.image_data_arial_72_0x37
                0x0044557c     0x2760 src/main.o
 .rodata.arial_72_0x37
                0x00447cdc       0x10 src/main.o
 .rodata.image_data_arial_72_0x38
                0x00447cec     0x2760 src/main.o
 .rodata.arial_72_0x38
                0x0044a44c       0x10 src/main.o
 .rodata.image_data_arial_72_0x39
                0x0044a45c     0x2760 src/main.o
 .rodata.arial_72_0x39
                0x0044cbbc       0x10 src/main.o
 .rodata.arial_72_array
                0x0044cbcc       0x50 src/main.o
 .rodata.arial_72
                0x0044cc1c        0xc src/main.o
                0x0044cc1c                arial_72
 .rodata        0x0044cc28        0xb src/main.o
 *fill*         0x0044cc33        0x1 
 .rodata._global_impure_ptr
                0x0044cc34        0x4 e:/apps/atmel/studio/7.0/toolchain/arm/arm-gnu-toolchain/bin/../lib/gcc/arm-none-eabi/6.3.1/../../../../arm-none-eabi/lib/thumb/v7e-m\libc.a(lib_a-impure.o)
                0x0044cc34                _global_impure_ptr
 .rodata._svfprintf_r.str1.4
                0x0044cc38       0x42 e:/apps/atmel/studio/7.0/toolchain/arm/arm-gnu-toolchain/bin/../lib/gcc/arm-none-eabi/6.3.1/../../../../arm-none-eabi/lib/thumb/v7e-m\libc.a(lib_a-svfprintf.o)
 *fill*         0x0044cc7a        0x2 
 .rodata.blanks.7223
                0x0044cc7c       0x10 e:/apps/atmel/studio/7.0/toolchain/arm/arm-gnu-toolchain/bin/../lib/gcc/arm-none-eabi/6.3.1/../../../../arm-none-eabi/lib/thumb/v7e-m\libc.a(lib_a-svfprintf.o)
 .rodata.zeroes.7224
                0x0044cc8c       0x10 e:/apps/atmel/studio/7.0/toolchain/arm/arm-gnu-toolchain/bin/../lib/gcc/arm-none-eabi/6.3.1/../../../../arm-none-eabi/lib/thumb/v7e-m\libc.a(lib_a-svfprintf.o)
 .rodata._dtoa_r.str1.4
                0x0044cc9c       0x10 e:/apps/atmel/studio/7.0/toolchain/arm/arm-gnu-toolchain/bin/../lib/gcc/arm-none-eabi/6.3.1/../../../../arm-none-eabi/lib/thumb/v7e-m\libc.a(lib_a-dtoa.o)
                                 0x12 (size before relaxing)
 *fill*         0x0044ccac        0x4 
 .rodata.__mprec_bigtens
                0x0044ccb0       0x28 e:/apps/atmel/studio/7.0/toolchain/arm/arm-gnu-toolchain/bin/../lib/gcc/arm-none-eabi/6.3.1/../../../../arm-none-eabi/lib/thumb/v7e-m\libc.a(lib_a-mprec.o)
                0x0044ccb0                __mprec_bigtens
 .rodata.__mprec_tens
                0x0044ccd8       0xc8 e:/apps/atmel/studio/7.0/toolchain/arm/arm-gnu-toolchain/bin/../lib/gcc/arm-none-eabi/6.3.1/../../../../arm-none-eabi/lib/thumb/v7e-m\libc.a(lib_a-mprec.o)
                0x0044ccd8                __mprec_tens
 .rodata.p05.6055
                0x0044cda0        0xc e:/apps/atmel/studio/7.0/toolchain/arm/arm-gnu-toolchain/bin/../lib/gcc/arm-none-eabi/6.3.1/../../../../arm-none-eabi/lib/thumb/v7e-m\libc.a(lib_a-mprec.o)
 .rodata._setlocale_r.str1.4
                0x0044cdac        0xa e:/apps/atmel/studio/7.0/toolchain/arm/arm-gnu-toolchain/bin/../lib/gcc/arm-none-eabi/6.3.1/../../../../arm-none-eabi/lib/thumb/v7e-m\libc.a(lib_a-locale.o)
                                  0xd (size before relaxing)
 *fill*         0x0044cdb6        0x2 
 .rodata.str1.4
                0x0044cdb8        0x4 e:/apps/atmel/studio/7.0/toolchain/arm/arm-gnu-toolchain/bin/../lib/gcc/arm-none-eabi/6.3.1/../../../../arm-none-eabi/lib/thumb/v7e-m\libc.a(lib_a-locale.o)
                                  0x2 (size before relaxing)
 .rodata._ctype_
                0x0044cdbc      0x101 e:/apps/atmel/studio/7.0/toolchain/arm/arm-gnu-toolchain/bin/../lib/gcc/arm-none-eabi/6.3.1/../../../../arm-none-eabi/lib/thumb/v7e-m\libc.a(lib_a-ctype_.o)
                0x0044cdbc                _ctype_
 *(.ARM.extab* .gnu.linkonce.armextab.*)
                0x0044cec0                . = ALIGN (0x4)
 *fill*         0x0044cebd        0x3 
 *(.init)
 .init          0x0044cec0        0x4 e:/apps/atmel/studio/7.0/toolchain/arm/arm-gnu-toolchain/bin/../lib/gcc/arm-none-eabi/6.3.1/thumb/v7e-m/crti.o
                0x0044cec0                _init
 .init          0x0044cec4        0x8 e:/apps/atmel/studio/7.0/toolchain/arm/arm-gnu-toolchain/bin/../lib/gcc/arm-none-eabi/6.3.1/thumb/v7e-m/crtn.o
                0x0044cecc                . = ALIGN (0x4)
                0x0044cecc                __preinit_array_start = .
 *(.preinit_array)
                0x0044cecc                __preinit_array_end = .
                0x0044cecc                . = ALIGN (0x4)
                0x0044cecc                __init_array_start = .
 *(SORT(.init_array.*))
 .init_array.00000
                0x0044cecc        0x4 e:/apps/atmel/studio/7.0/toolchain/arm/arm-gnu-toolchain/bin/../lib/gcc/arm-none-eabi/6.3.1/../../../../arm-none-eabi/lib/thumb/v7e-m\libc.a(lib_a-__call_atexit.o)
 *(.init_array)
 .init_array    0x0044ced0        0x4 e:/apps/atmel/studio/7.0/toolchain/arm/arm-gnu-toolchain/bin/../lib/gcc/arm-none-eabi/6.3.1/thumb/v7e-m/crtbegin.o
                0x0044ced4                __init_array_end = .
                0x0044ced4                . = ALIGN (0x4)
 *crtbegin.o(.ctors)
 *(EXCLUDE_FILE(*crtend.o) .ctors)
 *(SORT(.ctors.*))
 *crtend.o(.ctors)
                0x0044ced4                . = ALIGN (0x4)
 *(.fini)
 .fini          0x0044ced4        0x4 e:/apps/atmel/studio/7.0/toolchain/arm/arm-gnu-toolchain/bin/../lib/gcc/arm-none-eabi/6.3.1/thumb/v7e-m/crti.o
                0x0044ced4                _fini
 .fini          0x0044ced8        0x8 e:/apps/atmel/studio/7.0/toolchain/arm/arm-gnu-toolchain/bin/../lib/gcc/arm-none-eabi/6.3.1/thumb/v7e-m/crtn.o
                0x0044cee0                . = ALIGN (0x4)
                0x0044cee0                __fini_array_start = .
 *(.fini_array)
 .fini_array    0x0044cee0        0x4 e:/apps/atmel/studio/7.0/toolchain/arm/arm-gnu-toolchain/bin/../lib/gcc/arm-none-eabi/6.3.1/thumb/v7e-m/crtbegin.o
 *(SORT(.fini_array.*))
                0x0044cee4                __fini_array_end = .
 *crtbegin.o(.dtors)
 *(EXCLUDE_FILE(*crtend.o) .dtors)
 *(SORT(.dtors.*))
 *crtend.o(.dtors)
                0x0044cee4                . = ALIGN (0x4)
                0x0044cee4                _efixed = .
                [!provide]                PROVIDE (__exidx_start, .)

.vfp11_veneer   0x0044cee4        0x0
 .vfp11_veneer  0x0044cee4        0x0 linker stubs

.v4_bx          0x0044cee4        0x0
 .v4_bx         0x0044cee4        0x0 linker stubs

.iplt           0x0044cee4        0x0
 .iplt          0x0044cee4        0x0 e:/apps/atmel/studio/7.0/toolchain/arm/arm-gnu-toolchain/bin/../lib/gcc/arm-none-eabi/6.3.1/thumb/v7e-m/crtbegin.o

.ARM.exidx      0x0044cee4        0x8
 *(.ARM.exidx* .gnu.linkonce.armexidx.*)
 .ARM.exidx     0x0044cee4        0x8 e:/apps/atmel/studio/7.0/toolchain/arm/arm-gnu-toolchain/bin/../lib/gcc/arm-none-eabi/6.3.1/thumb/v7e-m\libgcc.a(_udivmoddi4.o)
                [!provide]                PROVIDE (__exidx_end, .)

.eh_frame       0x0044ceec        0x0
 .eh_frame      0x0044ceec        0x0 e:/apps/atmel/studio/7.0/toolchain/arm/arm-gnu-toolchain/bin/../lib/gcc/arm-none-eabi/6.3.1/thumb/v7e-m/crtbegin.o

.rel.dyn        0x0044ceec        0x0
 .rel.iplt      0x0044ceec        0x0 e:/apps/atmel/studio/7.0/toolchain/arm/arm-gnu-toolchain/bin/../lib/gcc/arm-none-eabi/6.3.1/thumb/v7e-m/crtbegin.o

.jcr            0x0044ceec        0x0
 .jcr           0x0044ceec        0x0 e:/apps/atmel/studio/7.0/toolchain/arm/arm-gnu-toolchain/bin/../lib/gcc/arm-none-eabi/6.3.1/thumb/v7e-m/crtbegin.o

.igot.plt       0x0044ceec        0x0
 .igot.plt      0x0044ceec        0x0 e:/apps/atmel/studio/7.0/toolchain/arm/arm-gnu-toolchain/bin/../lib/gcc/arm-none-eabi/6.3.1/thumb/v7e-m/crtbegin.o
                0x0044ceec                . = ALIGN (0x4)
                0x0044ceec                _etext = .

.relocate       0x20400000      0x9b8 load address 0x0044ceec
                0x20400000                . = ALIGN (0x4)
                0x20400000                _srelocate = .
 *(.ramfunc .ramfunc.*)
 *(.data .data.*)
 .data.g_interrupt_enabled
                0x20400000        0x1 src/ASF/common/utils/interrupt/interrupt_sam_nvic.o
                0x20400000                g_interrupt_enabled
 *fill*         0x20400001        0x3 
 .data.SystemCoreClock
                0x20400004        0x4 src/ASF/sam/utils/cmsis/same70/source/templates/system_same70.o
                0x20400004                SystemCoreClock
 .data._impure_ptr
                0x20400008        0x4 e:/apps/atmel/studio/7.0/toolchain/arm/arm-gnu-toolchain/bin/../lib/gcc/arm-none-eabi/6.3.1/../../../../arm-none-eabi/lib/thumb/v7e-m\libc.a(lib_a-impure.o)
                0x20400008                _impure_ptr
 *fill*         0x2040000c        0x4 
 .data.impure_data
                0x20400010      0x428 e:/apps/atmel/studio/7.0/toolchain/arm/arm-gnu-toolchain/bin/../lib/gcc/arm-none-eabi/6.3.1/../../../../arm-none-eabi/lib/thumb/v7e-m\libc.a(lib_a-impure.o)
 .data.__atexit_recursive_mutex
                0x20400438        0x4 e:/apps/atmel/studio/7.0/toolchain/arm/arm-gnu-toolchain/bin/../lib/gcc/arm-none-eabi/6.3.1/../../../../arm-none-eabi/lib/thumb/v7e-m\libc.a(lib_a-__call_atexit.o)
                0x20400438                __atexit_recursive_mutex
 .data.__malloc_av_
                0x2040043c      0x408 e:/apps/atmel/studio/7.0/toolchain/arm/arm-gnu-toolchain/bin/../lib/gcc/arm-none-eabi/6.3.1/../../../../arm-none-eabi/lib/thumb/v7e-m\libc.a(lib_a-mallocr.o)
                0x2040043c                __malloc_av_
 .data.__malloc_sbrk_base
                0x20400844        0x4 e:/apps/atmel/studio/7.0/toolchain/arm/arm-gnu-toolchain/bin/../lib/gcc/arm-none-eabi/6.3.1/../../../../arm-none-eabi/lib/thumb/v7e-m\libc.a(lib_a-mallocr.o)
                0x20400844                __malloc_sbrk_base
 .data.__malloc_trim_threshold
                0x20400848        0x4 e:/apps/atmel/studio/7.0/toolchain/arm/arm-gnu-toolchain/bin/../lib/gcc/arm-none-eabi/6.3.1/../../../../arm-none-eabi/lib/thumb/v7e-m\libc.a(lib_a-mallocr.o)
                0x20400848                __malloc_trim_threshold
 .data.__global_locale
                0x2040084c      0x16c e:/apps/atmel/studio/7.0/toolchain/arm/arm-gnu-toolchain/bin/../lib/gcc/arm-none-eabi/6.3.1/../../../../arm-none-eabi/lib/thumb/v7e-m\libc.a(lib_a-locale.o)
                0x2040084c                __global_locale
                0x204009b8                . = ALIGN (0x4)
                0x204009b8                _erelocate = .

.bss            0x204009b8      0x4cc load address 0x0044d8a4
                0x204009b8                . = ALIGN (0x4)
                0x204009b8                _sbss = .
                0x204009b8                _szero = .
 *(.bss .bss.*)
 .bss           0x204009b8       0x1c e:/apps/atmel/studio/7.0/toolchain/arm/arm-gnu-toolchain/bin/../lib/gcc/arm-none-eabi/6.3.1/thumb/v7e-m/crtbegin.o
 .bss.g_wobits_in_rtt_mr
                0x204009d4        0x4 src/ASF/sam/drivers/rtt/rtt.o
 .bss.f_rtt_alarme
                0x204009d8        0x1 src/main.o
                0x204009d8                f_rtt_alarme
 *fill*         0x204009d9        0x3 
 .bss.but_flag  0x204009dc        0x4 src/main.o
                0x204009dc                but_flag
 .bss.g_ul_pixel_cache
                0x204009e0      0x3c0 src/ASF/sam/components/display/ili9488/ili9488.o
 .bss.gs_interrupt_sources
                0x20400da0       0x70 src/ASF/sam/drivers/pio/pio_handler.o
 .bss.gs_ul_nb_sources
                0x20400e10        0x4 src/ASF/sam/drivers/pio/pio_handler.o
 .bss.heap.6420
                0x20400e14        0x4 src/ASF/sam/utils/syscalls/gcc/syscalls.o
 .bss.__malloc_current_mallinfo
                0x20400e18       0x28 e:/apps/atmel/studio/7.0/toolchain/arm/arm-gnu-toolchain/bin/../lib/gcc/arm-none-eabi/6.3.1/../../../../arm-none-eabi/lib/thumb/v7e-m\libc.a(lib_a-mallocr.o)
                0x20400e18                __malloc_current_mallinfo
 .bss.__malloc_max_sbrked_mem
                0x20400e40        0x4 e:/apps/atmel/studio/7.0/toolchain/arm/arm-gnu-toolchain/bin/../lib/gcc/arm-none-eabi/6.3.1/../../../../arm-none-eabi/lib/thumb/v7e-m\libc.a(lib_a-mallocr.o)
                0x20400e40                __malloc_max_sbrked_mem
 .bss.__malloc_max_total_mem
                0x20400e44        0x4 e:/apps/atmel/studio/7.0/toolchain/arm/arm-gnu-toolchain/bin/../lib/gcc/arm-none-eabi/6.3.1/../../../../arm-none-eabi/lib/thumb/v7e-m\libc.a(lib_a-mallocr.o)
                0x20400e44                __malloc_max_total_mem
 .bss.__malloc_top_pad
                0x20400e48        0x4 e:/apps/atmel/studio/7.0/toolchain/arm/arm-gnu-toolchain/bin/../lib/gcc/arm-none-eabi/6.3.1/../../../../arm-none-eabi/lib/thumb/v7e-m\libc.a(lib_a-mallocr.o)
                0x20400e48                __malloc_top_pad
 *(COMMON)
 COMMON         0x20400e4c       0x10 src/main.o
                0x20400e4c                g_ili9488_display_opt
 COMMON         0x20400e5c       0x21 e:/apps/atmel/studio/7.0/toolchain/arm/arm-gnu-toolchain/bin/../lib/gcc/arm-none-eabi/6.3.1/../../../../arm-none-eabi/lib/thumb/v7e-m\libc.a(lib_a-lock.o)
                0x20400e5c                __lock___atexit_recursive_mutex
                0x20400e60                __lock___arc4random_mutex
                0x20400e64                __lock___env_recursive_mutex
                0x20400e68                __lock___sinit_recursive_mutex
                0x20400e6c                __lock___malloc_recursive_mutex
                0x20400e70                __lock___at_quick_exit_mutex
                0x20400e74                __lock___dd_hash_mutex
                0x20400e78                __lock___tz_mutex
                0x20400e7c                __lock___sfp_recursive_mutex
 *fill*         0x20400e7d        0x3 
 COMMON         0x20400e80        0x4 e:/apps/atmel/studio/7.0/toolchain/arm/arm-gnu-toolchain/bin/../lib/gcc/arm-none-eabi/6.3.1/../../../../arm-none-eabi/lib/thumb/v7e-m\libc.a(lib_a-reent.o)
                0x20400e80                errno
                0x20400e84                . = ALIGN (0x4)
                0x20400e84                _ebss = .
                0x20400e84                _ezero = .

.stack          0x20400e84     0x2004 load address 0x0044dd70
                0x20400e88                . = ALIGN (0x8)
 *fill*         0x20400e84        0x4 
                0x20400e88                _sstack = .
                0x20402e88                . = (. + STACK_SIZE)
 *fill*         0x20400e88     0x2000 
                0x20402e88                . = ALIGN (0x8)
                0x20402e88                _estack = .

.heap           0x20402e88      0x200 load address 0x0044fd74
                0x20402e88                . = ALIGN (0x8)
                0x20402e88                _sheap = .
                0x20403088                . = (. + HEAP_SIZE)
 *fill*         0x20402e88      0x200 
                0x20403088                . = ALIGN (0x8)
                0x20403088                _eheap = .
                0x20403088                . = ALIGN (0x4)
                0x20403088                _end = .
                0x2045ffff                _ram_end_ = ((ORIGIN (ram) + LENGTH (ram)) - 0x1)
OUTPUT(SAME70_FONTS.elf elf32-littlearm)

.ARM.attributes
                0x00000000       0x2e
 .ARM.attributes
                0x00000000       0x1e e:/apps/atmel/studio/7.0/toolchain/arm/arm-gnu-toolchain/bin/../lib/gcc/arm-none-eabi/6.3.1/thumb/v7e-m/crti.o
 .ARM.attributes
                0x0000001e       0x2e e:/apps/atmel/studio/7.0/toolchain/arm/arm-gnu-toolchain/bin/../lib/gcc/arm-none-eabi/6.3.1/thumb/v7e-m/crtbegin.o
 .ARM.attributes
                0x0000004c       0x37 src/ASF/sam/drivers/rtt/rtt.o
 .ARM.attributes
                0x00000083       0x37 src/main.o
 .ARM.attributes
                0x000000ba       0x37 src/ASF/common/services/spi/sam_spi/spi_master.o
 .ARM.attributes
                0x000000f1       0x37 src/ASF/sam/components/display/ili9488/ili9488.o
 .ARM.attributes
                0x00000128       0x37 src/ASF/sam/drivers/spi/spi.o
 .ARM.attributes
                0x0000015f       0x37 src/ASF/common/services/clock/same70/sysclk.o
 .ARM.attributes
                0x00000196       0x37 src/ASF/common/utils/interrupt/interrupt_sam_nvic.o
 .ARM.attributes
                0x000001cd       0x37 src/ASF/sam/boards/same70_xplained/init.o
 .ARM.attributes
                0x00000204       0x37 src/ASF/sam/drivers/pio/pio.o
 .ARM.attributes
                0x0000023b       0x37 src/ASF/sam/drivers/pio/pio_handler.o
 .ARM.attributes
                0x00000272       0x37 src/ASF/sam/drivers/pmc/pmc.o
 .ARM.attributes
                0x000002a9       0x37 src/ASF/sam/utils/cmsis/same70/source/templates/gcc/startup_same70.o
 .ARM.attributes
                0x000002e0       0x37 src/ASF/sam/utils/cmsis/same70/source/templates/system_same70.o
 .ARM.attributes
                0x00000317       0x37 src/ASF/sam/utils/syscalls/gcc/syscalls.o
 .ARM.attributes
                0x0000034e       0x2e e:/apps/atmel/studio/7.0/toolchain/arm/arm-gnu-toolchain/bin/../lib/gcc/arm-none-eabi/6.3.1/../../../../arm-none-eabi/lib/thumb/v7e-m\libc.a(lib_a-impure.o)
 .ARM.attributes
                0x0000037c       0x2e e:/apps/atmel/studio/7.0/toolchain/arm/arm-gnu-toolchain/bin/../lib/gcc/arm-none-eabi/6.3.1/../../../../arm-none-eabi/lib/thumb/v7e-m\libc.a(lib_a-init.o)
 .ARM.attributes
                0x000003aa       0x1c e:/apps/atmel/studio/7.0/toolchain/arm/arm-gnu-toolchain/bin/../lib/gcc/arm-none-eabi/6.3.1/../../../../arm-none-eabi/lib/thumb/v7e-m\libc.a(lib_a-memcpy.o)
 .ARM.attributes
                0x000003c6       0x2e e:/apps/atmel/studio/7.0/toolchain/arm/arm-gnu-toolchain/bin/../lib/gcc/arm-none-eabi/6.3.1/../../../../arm-none-eabi/lib/thumb/v7e-m\libc.a(lib_a-memset.o)
 .ARM.attributes
                0x000003f4       0x2e e:/apps/atmel/studio/7.0/toolchain/arm/arm-gnu-toolchain/bin/../lib/gcc/arm-none-eabi/6.3.1/../../../../arm-none-eabi/lib/thumb/v7e-m\libc.a(lib_a-sprintf.o)
 .ARM.attributes
                0x00000422       0x2e e:/apps/atmel/studio/7.0/toolchain/arm/arm-gnu-toolchain/bin/../lib/gcc/arm-none-eabi/6.3.1/../../../../arm-none-eabi/lib/thumb/v7e-m\libc.a(lib_a-svfprintf.o)
 .ARM.attributes
                0x00000450       0x2e e:/apps/atmel/studio/7.0/toolchain/arm/arm-gnu-toolchain/bin/../lib/gcc/arm-none-eabi/6.3.1/../../../../arm-none-eabi/lib/thumb/v7e-m\libc.a(lib_a-__call_atexit.o)
 .ARM.attributes
                0x0000047e       0x2e e:/apps/atmel/studio/7.0/toolchain/arm/arm-gnu-toolchain/bin/../lib/gcc/arm-none-eabi/6.3.1/../../../../arm-none-eabi/lib/thumb/v7e-m\libc.a(lib_a-atexit.o)
 .ARM.attributes
                0x000004ac       0x2e e:/apps/atmel/studio/7.0/toolchain/arm/arm-gnu-toolchain/bin/../lib/gcc/arm-none-eabi/6.3.1/../../../../arm-none-eabi/lib/thumb/v7e-m\libc.a(lib_a-dtoa.o)
 .ARM.attributes
                0x000004da       0x2e e:/apps/atmel/studio/7.0/toolchain/arm/arm-gnu-toolchain/bin/../lib/gcc/arm-none-eabi/6.3.1/../../../../arm-none-eabi/lib/thumb/v7e-m\libc.a(lib_a-fini.o)
 .ARM.attributes
                0x00000508       0x2e e:/apps/atmel/studio/7.0/toolchain/arm/arm-gnu-toolchain/bin/../lib/gcc/arm-none-eabi/6.3.1/../../../../arm-none-eabi/lib/thumb/v7e-m\libc.a(lib_a-localeconv.o)
 .ARM.attributes
                0x00000536       0x2e e:/apps/atmel/studio/7.0/toolchain/arm/arm-gnu-toolchain/bin/../lib/gcc/arm-none-eabi/6.3.1/../../../../arm-none-eabi/lib/thumb/v7e-m\libc.a(lib_a-lock.o)
 .ARM.attributes
                0x00000564       0x2e e:/apps/atmel/studio/7.0/toolchain/arm/arm-gnu-toolchain/bin/../lib/gcc/arm-none-eabi/6.3.1/../../../../arm-none-eabi/lib/thumb/v7e-m\libc.a(lib_a-mallocr.o)
 .ARM.attributes
                0x00000592       0x1c e:/apps/atmel/studio/7.0/toolchain/arm/arm-gnu-toolchain/bin/../lib/gcc/arm-none-eabi/6.3.1/../../../../arm-none-eabi/lib/thumb/v7e-m\libc.a(lib_a-memchr.o)
 .ARM.attributes
                0x000005ae       0x2e e:/apps/atmel/studio/7.0/toolchain/arm/arm-gnu-toolchain/bin/../lib/gcc/arm-none-eabi/6.3.1/../../../../arm-none-eabi/lib/thumb/v7e-m\libc.a(lib_a-mlock.o)
 .ARM.attributes
                0x000005dc       0x2e e:/apps/atmel/studio/7.0/toolchain/arm/arm-gnu-toolchain/bin/../lib/gcc/arm-none-eabi/6.3.1/../../../../arm-none-eabi/lib/thumb/v7e-m\libc.a(lib_a-mprec.o)
 .ARM.attributes
                0x0000060a       0x2e e:/apps/atmel/studio/7.0/toolchain/arm/arm-gnu-toolchain/bin/../lib/gcc/arm-none-eabi/6.3.1/../../../../arm-none-eabi/lib/thumb/v7e-m\libc.a(lib_a-sbrkr.o)
 .ARM.attributes
                0x00000638       0x1c e:/apps/atmel/studio/7.0/toolchain/arm/arm-gnu-toolchain/bin/../lib/gcc/arm-none-eabi/6.3.1/../../../../arm-none-eabi/lib/thumb/v7e-m\libc.a(lib_a-strlen.o)
 .ARM.attributes
                0x00000654       0x2e e:/apps/atmel/studio/7.0/toolchain/arm/arm-gnu-toolchain/bin/../lib/gcc/arm-none-eabi/6.3.1/../../../../arm-none-eabi/lib/thumb/v7e-m\libc.a(lib_a-svfiprintf.o)
 .ARM.attributes
                0x00000682       0x2e e:/apps/atmel/studio/7.0/toolchain/arm/arm-gnu-toolchain/bin/../lib/gcc/arm-none-eabi/6.3.1/../../../../arm-none-eabi/lib/thumb/v7e-m\libc.a(lib_a-__atexit.o)
 .ARM.attributes
                0x000006b0       0x2e e:/apps/atmel/studio/7.0/toolchain/arm/arm-gnu-toolchain/bin/../lib/gcc/arm-none-eabi/6.3.1/../../../../arm-none-eabi/lib/thumb/v7e-m\libc.a(lib_a-callocr.o)
 .ARM.attributes
                0x000006de       0x2e e:/apps/atmel/studio/7.0/toolchain/arm/arm-gnu-toolchain/bin/../lib/gcc/arm-none-eabi/6.3.1/../../../../arm-none-eabi/lib/thumb/v7e-m\libc.a(lib_a-freer.o)
 .ARM.attributes
                0x0000070c       0x2e e:/apps/atmel/studio/7.0/toolchain/arm/arm-gnu-toolchain/bin/../lib/gcc/arm-none-eabi/6.3.1/../../../../arm-none-eabi/lib/thumb/v7e-m\libc.a(lib_a-locale.o)
 .ARM.attributes
                0x0000073a       0x2e e:/apps/atmel/studio/7.0/toolchain/arm/arm-gnu-toolchain/bin/../lib/gcc/arm-none-eabi/6.3.1/../../../../arm-none-eabi/lib/thumb/v7e-m\libc.a(lib_a-mbtowc_r.o)
 .ARM.attributes
                0x00000768       0x2e e:/apps/atmel/studio/7.0/toolchain/arm/arm-gnu-toolchain/bin/../lib/gcc/arm-none-eabi/6.3.1/../../../../arm-none-eabi/lib/thumb/v7e-m\libc.a(lib_a-memmove.o)
 .ARM.attributes
                0x00000796       0x2e e:/apps/atmel/studio/7.0/toolchain/arm/arm-gnu-toolchain/bin/../lib/gcc/arm-none-eabi/6.3.1/../../../../arm-none-eabi/lib/thumb/v7e-m\libc.a(lib_a-reallocr.o)
 .ARM.attributes
                0x000007c4       0x2e e:/apps/atmel/studio/7.0/toolchain/arm/arm-gnu-toolchain/bin/../lib/gcc/arm-none-eabi/6.3.1/../../../../arm-none-eabi/lib/thumb/v7e-m\libc.a(lib_a-reent.o)
 .ARM.attributes
                0x000007f2       0x2e e:/apps/atmel/studio/7.0/toolchain/arm/arm-gnu-toolchain/bin/../lib/gcc/arm-none-eabi/6.3.1/../../../../arm-none-eabi/lib/thumb/v7e-m\libc.a(lib_a-wctomb_r.o)
 .ARM.attributes
                0x00000820       0x2e e:/apps/atmel/studio/7.0/toolchain/arm/arm-gnu-toolchain/bin/../lib/gcc/arm-none-eabi/6.3.1/../../../../arm-none-eabi/lib/thumb/v7e-m\libc.a(lib_a-ctype_.o)
 .ARM.attributes
                0x0000084e       0x1e e:/apps/atmel/studio/7.0/toolchain/arm/arm-gnu-toolchain/bin/../lib/gcc/arm-none-eabi/6.3.1/thumb/v7e-m\libgcc.a(_arm_addsubdf3.o)
 .ARM.attributes
                0x0000086c       0x1e e:/apps/atmel/studio/7.0/toolchain/arm/arm-gnu-toolchain/bin/../lib/gcc/arm-none-eabi/6.3.1/thumb/v7e-m\libgcc.a(_arm_muldivdf3.o)
 .ARM.attributes
                0x0000088a       0x1e e:/apps/atmel/studio/7.0/toolchain/arm/arm-gnu-toolchain/bin/../lib/gcc/arm-none-eabi/6.3.1/thumb/v7e-m\libgcc.a(_arm_cmpdf2.o)
 .ARM.attributes
                0x000008a8       0x1e e:/apps/atmel/studio/7.0/toolchain/arm/arm-gnu-toolchain/bin/../lib/gcc/arm-none-eabi/6.3.1/thumb/v7e-m\libgcc.a(_arm_unorddf2.o)
 .ARM.attributes
                0x000008c6       0x1e e:/apps/atmel/studio/7.0/toolchain/arm/arm-gnu-toolchain/bin/../lib/gcc/arm-none-eabi/6.3.1/thumb/v7e-m\libgcc.a(_arm_fixdfsi.o)
 .ARM.attributes
                0x000008e4       0x1e e:/apps/atmel/studio/7.0/toolchain/arm/arm-gnu-toolchain/bin/../lib/gcc/arm-none-eabi/6.3.1/thumb/v7e-m\libgcc.a(_aeabi_uldivmod.o)
 .ARM.attributes
                0x00000902       0x2e e:/apps/atmel/studio/7.0/toolchain/arm/arm-gnu-toolchain/bin/../lib/gcc/arm-none-eabi/6.3.1/thumb/v7e-m\libgcc.a(_udivmoddi4.o)
 .ARM.attributes
                0x00000930       0x1e e:/apps/atmel/studio/7.0/toolchain/arm/arm-gnu-toolchain/bin/../lib/gcc/arm-none-eabi/6.3.1/thumb/v7e-m\libgcc.a(_dvmd_tls.o)
 .ARM.attributes
                0x0000094e       0x1e e:/apps/atmel/studio/7.0/toolchain/arm/arm-gnu-toolchain/bin/../lib/gcc/arm-none-eabi/6.3.1/thumb/v7e-m/crtn.o

.comment        0x00000000       0x59
 .comment       0x00000000       0x59 src/ASF/sam/drivers/rtt/rtt.o
                                 0x5a (size before relaxing)
 .comment       0x00000059       0x5a src/main.o
 .comment       0x00000059       0x5a src/ASF/common/services/spi/sam_spi/spi_master.o
 .comment       0x00000059       0x5a src/ASF/sam/components/display/ili9488/ili9488.o
 .comment       0x00000059       0x5a src/ASF/sam/drivers/spi/spi.o
 .comment       0x00000059       0x5a src/ASF/common/services/clock/same70/sysclk.o
 .comment       0x00000059       0x5a src/ASF/common/utils/interrupt/interrupt_sam_nvic.o
 .comment       0x00000059       0x5a src/ASF/sam/boards/same70_xplained/init.o
 .comment       0x00000059       0x5a src/ASF/sam/drivers/pio/pio.o
 .comment       0x00000059       0x5a src/ASF/sam/drivers/pio/pio_handler.o
 .comment       0x00000059       0x5a src/ASF/sam/drivers/pmc/pmc.o
 .comment       0x00000059       0x5a src/ASF/sam/utils/cmsis/same70/source/templates/gcc/startup_same70.o
 .comment       0x00000059       0x5a src/ASF/sam/utils/cmsis/same70/source/templates/system_same70.o
 .comment       0x00000059       0x5a src/ASF/sam/utils/syscalls/gcc/syscalls.o

.debug_info     0x00000000    0x1453f
 .debug_info    0x00000000      0xcaf src/ASF/sam/drivers/rtt/rtt.o
 .debug_info    0x00000caf     0x34d9 src/main.o
 .debug_info    0x00004188     0x143e src/ASF/common/services/spi/sam_spi/spi_master.o
 .debug_info    0x000055c6     0x208c src/ASF/sam/components/display/ili9488/ili9488.o
 .debug_info    0x00007652     0x1123 src/ASF/sam/drivers/spi/spi.o
 .debug_info    0x00008775     0x1311 src/ASF/common/services/clock/same70/sysclk.o
 .debug_info    0x00009a86      0xb06 src/ASF/common/utils/interrupt/interrupt_sam_nvic.o
 .debug_info    0x0000a58c     0x1fcd src/ASF/sam/boards/same70_xplained/init.o
 .debug_info    0x0000c559     0x1ce3 src/ASF/sam/drivers/pio/pio.o
 .debug_info    0x0000e23c     0x1a74 src/ASF/sam/drivers/pio/pio_handler.o
 .debug_info    0x0000fcb0     0x1eed src/ASF/sam/drivers/pmc/pmc.o
 .debug_info    0x00011b9d     0x1612 src/ASF/sam/utils/cmsis/same70/source/templates/gcc/startup_same70.o
 .debug_info    0x000131af      0x5d4 src/ASF/sam/utils/cmsis/same70/source/templates/system_same70.o
 .debug_info    0x00013783      0xdbc src/ASF/sam/utils/syscalls/gcc/syscalls.o

.debug_abbrev   0x00000000     0x24ee
 .debug_abbrev  0x00000000      0x203 src/ASF/sam/drivers/rtt/rtt.o
 .debug_abbrev  0x00000203      0x380 src/main.o
 .debug_abbrev  0x00000583      0x305 src/ASF/common/services/spi/sam_spi/spi_master.o
 .debug_abbrev  0x00000888      0x2f4 src/ASF/sam/components/display/ili9488/ili9488.o
 .debug_abbrev  0x00000b7c      0x2cf src/ASF/sam/drivers/spi/spi.o
 .debug_abbrev  0x00000e4b      0x296 src/ASF/common/services/clock/same70/sysclk.o
 .debug_abbrev  0x000010e1      0x214 src/ASF/common/utils/interrupt/interrupt_sam_nvic.o
 .debug_abbrev  0x000012f5      0x3b8 src/ASF/sam/boards/same70_xplained/init.o
 .debug_abbrev  0x000016ad      0x296 src/ASF/sam/drivers/pio/pio.o
 .debug_abbrev  0x00001943      0x2c9 src/ASF/sam/drivers/pio/pio_handler.o
 .debug_abbrev  0x00001c0c      0x2ce src/ASF/sam/drivers/pmc/pmc.o
 .debug_abbrev  0x00001eda      0x2e8 src/ASF/sam/utils/cmsis/same70/source/templates/gcc/startup_same70.o
 .debug_abbrev  0x000021c2      0x102 src/ASF/sam/utils/cmsis/same70/source/templates/system_same70.o
 .debug_abbrev  0x000022c4      0x22a src/ASF/sam/utils/syscalls/gcc/syscalls.o

.debug_loc      0x00000000     0x5c36
 .debug_loc     0x00000000      0x330 src/ASF/sam/drivers/rtt/rtt.o
 .debug_loc     0x00000330      0x3fa src/main.o
 .debug_loc     0x0000072a      0x830 src/ASF/common/services/spi/sam_spi/spi_master.o
 .debug_loc     0x00000f5a      0xd20 src/ASF/sam/components/display/ili9488/ili9488.o
 .debug_loc     0x00001c7a      0x630 src/ASF/sam/drivers/spi/spi.o
 .debug_loc     0x000022aa      0x4a0 src/ASF/common/services/clock/same70/sysclk.o
 .debug_loc     0x0000274a       0xa0 src/ASF/common/utils/interrupt/interrupt_sam_nvic.o
 .debug_loc     0x000027ea      0x2b8 src/ASF/sam/boards/same70_xplained/init.o
 .debug_loc     0x00002aa2     0x1174 src/ASF/sam/drivers/pio/pio.o
 .debug_loc     0x00003c16      0x38c src/ASF/sam/drivers/pio/pio_handler.o
 .debug_loc     0x00003fa2     0x1744 src/ASF/sam/drivers/pmc/pmc.o
 .debug_loc     0x000056e6      0x16c src/ASF/sam/utils/cmsis/same70/source/templates/gcc/startup_same70.o
 .debug_loc     0x00005852       0xe4 src/ASF/sam/utils/cmsis/same70/source/templates/system_same70.o
 .debug_loc     0x00005936      0x300 src/ASF/sam/utils/syscalls/gcc/syscalls.o

.debug_aranges  0x00000000      0xa38
 .debug_aranges
                0x00000000       0x60 src/ASF/sam/drivers/rtt/rtt.o
 .debug_aranges
                0x00000060       0x80 src/main.o
 .debug_aranges
                0x000000e0       0xe0 src/ASF/common/services/spi/sam_spi/spi_master.o
 .debug_aranges
                0x000001c0      0x168 src/ASF/sam/components/display/ili9488/ili9488.o
 .debug_aranges
                0x00000328       0xa8 src/ASF/sam/drivers/spi/spi.o
 .debug_aranges
                0x000003d0       0x98 src/ASF/common/services/clock/same70/sysclk.o
 .debug_aranges
                0x00000468       0x28 src/ASF/common/utils/interrupt/interrupt_sam_nvic.o
 .debug_aranges
                0x00000490       0x60 src/ASF/sam/boards/same70_xplained/init.o
 .debug_aranges
                0x000004f0      0x1a8 src/ASF/sam/drivers/pio/pio.o
 .debug_aranges
                0x00000698       0x80 src/ASF/sam/drivers/pio/pio_handler.o
 .debug_aranges
                0x00000718      0x250 src/ASF/sam/drivers/pmc/pmc.o
 .debug_aranges
                0x00000968       0x40 src/ASF/sam/utils/cmsis/same70/source/templates/gcc/startup_same70.o
 .debug_aranges
                0x000009a8       0x30 src/ASF/sam/utils/cmsis/same70/source/templates/system_same70.o
 .debug_aranges
                0x000009d8       0x60 src/ASF/sam/utils/syscalls/gcc/syscalls.o

.debug_ranges   0x00000000      0x9d0
 .debug_ranges  0x00000000       0x50 src/ASF/sam/drivers/rtt/rtt.o
 .debug_ranges  0x00000050       0x70 src/main.o
 .debug_ranges  0x000000c0       0xd0 src/ASF/common/services/spi/sam_spi/spi_master.o
 .debug_ranges  0x00000190      0x158 src/ASF/sam/components/display/ili9488/ili9488.o
 .debug_ranges  0x000002e8       0x98 src/ASF/sam/drivers/spi/spi.o
 .debug_ranges  0x00000380       0x88 src/ASF/common/services/clock/same70/sysclk.o
 .debug_ranges  0x00000408       0x18 src/ASF/common/utils/interrupt/interrupt_sam_nvic.o
 .debug_ranges  0x00000420       0xc8 src/ASF/sam/boards/same70_xplained/init.o
 .debug_ranges  0x000004e8      0x198 src/ASF/sam/drivers/pio/pio.o
 .debug_ranges  0x00000680       0x70 src/ASF/sam/drivers/pio/pio_handler.o
 .debug_ranges  0x000006f0      0x240 src/ASF/sam/drivers/pmc/pmc.o
 .debug_ranges  0x00000930       0x30 src/ASF/sam/utils/cmsis/same70/source/templates/gcc/startup_same70.o
 .debug_ranges  0x00000960       0x20 src/ASF/sam/utils/cmsis/same70/source/templates/system_same70.o
 .debug_ranges  0x00000980       0x50 src/ASF/sam/utils/syscalls/gcc/syscalls.o

.debug_macro    0x00000000     0x6a7f
 .debug_macro   0x00000000      0x681 src/ASF/sam/drivers/rtt/rtt.o
 .debug_macro   0x00000681      0x8c4 src/main.o
 .debug_macro   0x00000f45       0x28 src/main.o
 .debug_macro   0x00000f6d       0x22 src/main.o
 .debug_macro   0x00000f8f       0x16 src/main.o
 .debug_macro   0x00000fa5      0x41e src/main.o
 .debug_macro   0x000013c3       0x16 src/main.o
 .debug_macro   0x000013d9       0x94 src/main.o
 .debug_macro   0x0000146d       0x40 src/main.o
 .debug_macro   0x000014ad       0x88 src/main.o
 .debug_macro   0x00001535      0x1c8 src/main.o
 .debug_macro   0x000016fd       0x16 src/main.o
 .debug_macro   0x00001713       0x1c src/main.o
 .debug_macro   0x0000172f       0x16 src/main.o
 .debug_macro   0x00001745       0x28 src/main.o
 .debug_macro   0x0000176d       0x2e src/main.o
 .debug_macro   0x0000179b      0x733 src/ASF/common/services/spi/sam_spi/spi_master.o
 .debug_macro   0x00001ece      0x772 src/ASF/sam/components/display/ili9488/ili9488.o
 .debug_macro   0x00002640       0x16 src/ASF/sam/components/display/ili9488/ili9488.o
 .debug_macro   0x00002656      0x6fb src/ASF/sam/drivers/spi/spi.o
 .debug_macro   0x00002d51       0x10 src/ASF/sam/drivers/spi/spi.o
 .debug_macro   0x00002d61      0x6f2 src/ASF/common/services/clock/same70/sysclk.o
 .debug_macro   0x00003453      0x2bd src/ASF/common/services/clock/same70/sysclk.o
 .debug_macro   0x00003710      0x676 src/ASF/common/utils/interrupt/interrupt_sam_nvic.o
 .debug_macro   0x00003d86      0x72e src/ASF/sam/boards/same70_xplained/init.o
 .debug_macro   0x000044b4       0x5e src/ASF/sam/boards/same70_xplained/init.o
 .debug_macro   0x00004512       0x82 src/ASF/sam/boards/same70_xplained/init.o
 .debug_macro   0x00004594      0x68c src/ASF/sam/drivers/pio/pio.o
 .debug_macro   0x00004c20       0x8e src/ASF/sam/drivers/pio/pio.o
 .debug_macro   0x00004cae      0x697 src/ASF/sam/drivers/pio/pio_handler.o
 .debug_macro   0x00005345      0x68c src/ASF/sam/drivers/pmc/pmc.o
 .debug_macro   0x000059d1       0x6a src/ASF/sam/drivers/pmc/pmc.o
 .debug_macro   0x00005a3b      0x685 src/ASF/sam/utils/cmsis/same70/source/templates/gcc/startup_same70.o
 .debug_macro   0x000060c0       0x10 src/ASF/sam/utils/cmsis/same70/source/templates/gcc/startup_same70.o
 .debug_macro   0x000060d0      0x473 src/ASF/sam/utils/cmsis/same70/source/templates/system_same70.o
 .debug_macro   0x00006543      0x1d6 src/ASF/sam/utils/syscalls/gcc/syscalls.o
 .debug_macro   0x00006719       0x97 src/ASF/sam/utils/syscalls/gcc/syscalls.o
 .debug_macro   0x000067b0       0xf6 src/ASF/sam/utils/syscalls/gcc/syscalls.o
 .debug_macro   0x000068a6       0x4c src/ASF/sam/utils/syscalls/gcc/syscalls.o
 .debug_macro   0x000068f2       0x16 src/ASF/sam/utils/syscalls/gcc/syscalls.o
 .debug_macro   0x00006908       0x10 src/ASF/sam/utils/syscalls/gcc/syscalls.o
 .debug_macro   0x00006918       0x10 src/ASF/sam/utils/syscalls/gcc/syscalls.o
 .debug_macro   0x00006928       0x35 src/ASF/sam/utils/syscalls/gcc/syscalls.o
 .debug_macro   0x0000695d      0x122 src/ASF/sam/utils/syscalls/gcc/syscalls.o

.debug_line     0x00000000     0xab65